Archive member included to satisfy reference by file (symbol)

C:/ST/STM32CubeIDE_1.18.1/STM32CubeIDE/plugins/com.st.stm32cube.ide.mcu.externaltools.gnu-tools-for-stm32.13.3.rel1.win32_1.0.0.202411081344/tools/bin/../lib/gcc/arm-none-eabi/13.3.1/../../../../arm-none-eabi/lib/thumb/v7e-m+fp/hard\libc_nano.a(libc_a-exit.o)
                              C:/ST/STM32CubeIDE_1.18.1/STM32CubeIDE/plugins/com.st.stm32cube.ide.mcu.externaltools.gnu-tools-for-stm32.13.3.rel1.win32_1.0.0.202411081344/tools/bin/../lib/gcc/arm-none-eabi/13.3.1/../../../../arm-none-eabi/lib/thumb/v7e-m+fp/hard/crt0.o (exit)
C:/ST/STM32CubeIDE_1.18.1/STM32CubeIDE/plugins/com.st.stm32cube.ide.mcu.externaltools.gnu-tools-for-stm32.13.3.rel1.win32_1.0.0.202411081344/tools/bin/../lib/gcc/arm-none-eabi/13.3.1/../../../../arm-none-eabi/lib/thumb/v7e-m+fp/hard\libc_nano.a(libc_a-findfp.o)
                              ./Middlewares/Third_Party/FreeRTOS/Source/tasks.o (__sf)
C:/ST/STM32CubeIDE_1.18.1/STM32CubeIDE/plugins/com.st.stm32cube.ide.mcu.externaltools.gnu-tools-for-stm32.13.3.rel1.win32_1.0.0.202411081344/tools/bin/../lib/gcc/arm-none-eabi/13.3.1/../../../../arm-none-eabi/lib/thumb/v7e-m+fp/hard\libc_nano.a(libc_a-fwalk.o)
                              C:/ST/STM32CubeIDE_1.18.1/STM32CubeIDE/plugins/com.st.stm32cube.ide.mcu.externaltools.gnu-tools-for-stm32.13.3.rel1.win32_1.0.0.202411081344/tools/bin/../lib/gcc/arm-none-eabi/13.3.1/../../../../arm-none-eabi/lib/thumb/v7e-m+fp/hard\libc_nano.a(libc_a-findfp.o) (_fwalk_sglue)
C:/ST/STM32CubeIDE_1.18.1/STM32CubeIDE/plugins/com.st.stm32cube.ide.mcu.externaltools.gnu-tools-for-stm32.13.3.rel1.win32_1.0.0.202411081344/tools/bin/../lib/gcc/arm-none-eabi/13.3.1/../../../../arm-none-eabi/lib/thumb/v7e-m+fp/hard\libc_nano.a(libc_a-stdio.o)
                              C:/ST/STM32CubeIDE_1.18.1/STM32CubeIDE/plugins/com.st.stm32cube.ide.mcu.externaltools.gnu-tools-for-stm32.13.3.rel1.win32_1.0.0.202411081344/tools/bin/../lib/gcc/arm-none-eabi/13.3.1/../../../../arm-none-eabi/lib/thumb/v7e-m+fp/hard\libc_nano.a(libc_a-findfp.o) (__sread)
C:/ST/STM32CubeIDE_1.18.1/STM32CubeIDE/plugins/com.st.stm32cube.ide.mcu.externaltools.gnu-tools-for-stm32.13.3.rel1.win32_1.0.0.202411081344/tools/bin/../lib/gcc/arm-none-eabi/13.3.1/../../../../arm-none-eabi/lib/thumb/v7e-m+fp/hard\libc_nano.a(libc_a-memset.o)
                              C:/ST/STM32CubeIDE_1.18.1/STM32CubeIDE/plugins/com.st.stm32cube.ide.mcu.externaltools.gnu-tools-for-stm32.13.3.rel1.win32_1.0.0.202411081344/tools/bin/../lib/gcc/arm-none-eabi/13.3.1/../../../../arm-none-eabi/lib/thumb/v7e-m+fp/hard/crt0.o (memset)
C:/ST/STM32CubeIDE_1.18.1/STM32CubeIDE/plugins/com.st.stm32cube.ide.mcu.externaltools.gnu-tools-for-stm32.13.3.rel1.win32_1.0.0.202411081344/tools/bin/../lib/gcc/arm-none-eabi/13.3.1/../../../../arm-none-eabi/lib/thumb/v7e-m+fp/hard\libc_nano.a(libc_a-closer.o)
                              C:/ST/STM32CubeIDE_1.18.1/STM32CubeIDE/plugins/com.st.stm32cube.ide.mcu.externaltools.gnu-tools-for-stm32.13.3.rel1.win32_1.0.0.202411081344/tools/bin/../lib/gcc/arm-none-eabi/13.3.1/../../../../arm-none-eabi/lib/thumb/v7e-m+fp/hard\libc_nano.a(libc_a-stdio.o) (_close_r)
C:/ST/STM32CubeIDE_1.18.1/STM32CubeIDE/plugins/com.st.stm32cube.ide.mcu.externaltools.gnu-tools-for-stm32.13.3.rel1.win32_1.0.0.202411081344/tools/bin/../lib/gcc/arm-none-eabi/13.3.1/../../../../arm-none-eabi/lib/thumb/v7e-m+fp/hard\libc_nano.a(libc_a-reent.o)
                              ./Middlewares/Third_Party/FreeRTOS/Source/tasks.o (_reclaim_reent)
C:/ST/STM32CubeIDE_1.18.1/STM32CubeIDE/plugins/com.st.stm32cube.ide.mcu.externaltools.gnu-tools-for-stm32.13.3.rel1.win32_1.0.0.202411081344/tools/bin/../lib/gcc/arm-none-eabi/13.3.1/../../../../arm-none-eabi/lib/thumb/v7e-m+fp/hard\libc_nano.a(libc_a-impure.o)
                              ./Middlewares/Third_Party/FreeRTOS/Source/tasks.o (_impure_ptr)
C:/ST/STM32CubeIDE_1.18.1/STM32CubeIDE/plugins/com.st.stm32cube.ide.mcu.externaltools.gnu-tools-for-stm32.13.3.rel1.win32_1.0.0.202411081344/tools/bin/../lib/gcc/arm-none-eabi/13.3.1/../../../../arm-none-eabi/lib/thumb/v7e-m+fp/hard\libc_nano.a(libc_a-lseekr.o)
                              C:/ST/STM32CubeIDE_1.18.1/STM32CubeIDE/plugins/com.st.stm32cube.ide.mcu.externaltools.gnu-tools-for-stm32.13.3.rel1.win32_1.0.0.202411081344/tools/bin/../lib/gcc/arm-none-eabi/13.3.1/../../../../arm-none-eabi/lib/thumb/v7e-m+fp/hard\libc_nano.a(libc_a-stdio.o) (_lseek_r)
C:/ST/STM32CubeIDE_1.18.1/STM32CubeIDE/plugins/com.st.stm32cube.ide.mcu.externaltools.gnu-tools-for-stm32.13.3.rel1.win32_1.0.0.202411081344/tools/bin/../lib/gcc/arm-none-eabi/13.3.1/../../../../arm-none-eabi/lib/thumb/v7e-m+fp/hard\libc_nano.a(libc_a-readr.o)
[...]
Memory Configuration

Name             Origin             Length             Attributes
RAM              0x20000000         0x00008000         xrw
FLASH            0x08000000         0x00020000         xr
*default*        0x00000000         0xffffffff

Linker script and memory map

LOAD C:/ST/STM32CubeIDE_1.18.1/STM32CubeIDE/plugins/com.st.stm32cube.ide.mcu.externaltools.gnu-tools-for-stm32.13.3.rel1.win32_1.0.0.202411081344/tools/bin/../lib/gcc/arm-none-eabi/13.3.1/thumb/v7e-m+fp/hard/crti.o
LOAD C:/ST/STM32CubeIDE_1.18.1/STM32CubeIDE/plugins/com.st.stm32cube.ide.mcu.externaltools.gnu-tools-for-stm32.13.3.rel1.win32_1.0.0.202411081344/tools/bin/../lib/gcc/arm-none-eabi/13.3.1/thumb/v7e-m+fp/hard/crtbegin.o
LOAD C:/ST/STM32CubeIDE_1.18.1/STM32CubeIDE/plugins/com.st.stm32cube.ide.mcu.externaltools.gnu-tools-for-stm32.13.3.rel1.win32_1.0.0.202411081344/tools/bin/../lib/gcc/arm-none-eabi/13.3.1/../../../../arm-none-eabi/lib/thumb/v7e-m+fp/hard/crt0.o
LOAD ./Core/Src/adc.o
LOAD ./Core/Src/app_freertos.o
LOAD ./Core/Src/cordic.o
LOAD ./Core/Src/dma.o
LOAD ./Core/Src/fdcan.o
LOAD ./Core/Src/gpio.o
LOAD ./Core/Src/main.o
LOAD ./Core/Src/stm32g4xx_hal_msp.o
LOAD ./Core/Src/stm32g4xx_hal_timebase_tim.o
LOAD ./Core/Src/stm32g4xx_it.o
LOAD ./Core/Src/syscalls.o
LOAD ./Core/Src/sysmem.o
LOAD ./Core/Src/system_stm32g4xx.o
LOAD ./Core/Src/tim.o
LOAD ./Core/Src/analog/adc1/basic.o
LOAD ./Core/Src/analog/adc1/main.o
LOAD ./Core/Src/connectivity/fdcan/basic.o
LOAD ./Core/Src/connectivity/fdcan/callback.o
LOAD ./Core/Src/connectivity/fdcan/main.o
LOAD ./Core/Src/connectivity/fdcan/pkt_read.o
LOAD ./Core/Src/connectivity/fdcan/pkt_write.o
LOAD ./Core/Src/main/fn_state.o
LOAD ./Core/Src/main/main.o
LOAD ./Core/Src/main/tim.o
LOAD ./Core/Src/main/variable_cal.o
LOAD ./Core/Src/motor/basic.o
LOAD ./Core/Src/motor/clarke.o
LOAD ./Core/Src/motor/ctrl_deg.o
LOAD ./Core/Src/motor/ctrl_foc.o
LOAD ./Core/Src/motor/main.o
LOAD ./Core/Src/motor/park.o
LOAD ./Core/Src/motor/pi.o
LOAD ./Core/Src/motor/svgendq.o
LOAD ./Core/Src/motor/trigonometric.o
LOAD ./Core/Startup/startup_stm32g431rbtx.o
LOAD ./Drivers/BSP/STM32G4xx_Nucleo/stm32g4xx_nucleo.o
LOAD ./Drivers/STM32G4xx_HAL_Driver/Src/stm32g4xx_hal.o
LOAD ./Drivers/STM32G4xx_HAL_Driver/Src/stm32g4xx_hal_adc.o
LOAD ./Drivers/STM32G4xx_HAL_Driver/Src/stm32g4xx_hal_adc_ex.o
LOAD ./Drivers/STM32G4xx_HAL_Driver/Src/stm32g4xx_hal_cordic.o
LOAD ./Drivers/STM32G4xx_HAL_Driver/Src/stm32g4xx_hal_cortex.o
LOAD ./Drivers/STM32G4xx_HAL_Driver/Src/stm32g4xx_hal_dma.o
LOAD ./Drivers/STM32G4xx_HAL_Driver/Src/stm32g4xx_hal_dma_ex.o
LOAD ./Drivers/STM32G4xx_HAL_Driver/Src/stm32g4xx_hal_exti.o
LOAD ./Drivers/STM32G4xx_HAL_Driver/Src/stm32g4xx_hal_fdcan.o
LOAD ./Drivers/STM32G4xx_HAL_Driver/Src/stm32g4xx_hal_flash.o
LOAD ./Drivers/STM32G4xx_HAL_Driver/Src/stm32g4xx_hal_flash_ex.o
LOAD ./Drivers/STM32G4xx_HAL_Driver/Src/stm32g4xx_hal_flash_ramfunc.o
LOAD ./Drivers/STM32G4xx_HAL_Driver/Src/stm32g4xx_hal_gpio.o
LOAD ./Drivers/STM32G4xx_HAL_Driver/Src/stm32g4xx_hal_pwr.o
LOAD ./Drivers/STM32G4xx_HAL_Driver/Src/stm32g4xx_hal_pwr_ex.o
LOAD ./Drivers/STM32G4xx_HAL_Driver/Src/stm32g4xx_hal_rcc.o
LOAD ./Drivers/STM32G4xx_HAL_Driver/Src/stm32g4xx_hal_rcc_ex.o
LOAD ./Drivers/STM32G4xx_HAL_Driver/Src/stm32g4xx_hal_tim.o
LOAD ./Drivers/STM32G4xx_HAL_Driver/Src/stm32g4xx_hal_tim_ex.o
LOAD ./Drivers/STM32G4xx_HAL_Driver/Src/stm32g4xx_hal_uart.o
LOAD ./Drivers/STM32G4xx_HAL_Driver/Src/stm32g4xx_hal_uart_ex.o
LOAD ./Drivers/STM32G4xx_HAL_Driver/Src/stm32g4xx_hal_usart.o
LOAD ./Drivers/STM32G4xx_HAL_Driver/Src/stm32g4xx_hal_usart_ex.o
LOAD ./Drivers/STM32G4xx_HAL_Driver/Src/stm32g4xx_ll_adc.o
LOAD ./Middlewares/Third_Party/FreeRTOS/Source/CMSIS_RTOS_V2/cmsis_os2.o
LOAD ./Middlewares/Third_Party/FreeRTOS/Source/croutine.o
LOAD ./Middlewares/Third_Party/FreeRTOS/Source/event_groups.o
LOAD ./Middlewares/Third_Party/FreeRTOS/Source/list.o
LOAD ./Middlewares/Third_Party/FreeRTOS/Source/queue.o
LOAD ./Middlewares/Third_Party/FreeRTOS/Source/stream_buffer.o
LOAD ./Middlewares/Third_Party/FreeRTOS/Source/tasks.o
LOAD ./Middlewares/Third_Party/FreeRTOS/Source/timers.o
LOAD ./Middlewares/Third_Party/FreeRTOS/Source/portable/GCC/ARM_CM4F/port.o
LOAD ./Middlewares/Third_Party/FreeRTOS/Source/portable/MemMang/heap_4.o
LOAD ../Middlewares/ST/ARM/DSP/Lib\libarm_cortexM4lf_math.a
START GROUP
LOAD C:/ST/STM32CubeIDE_1.18.1/STM32CubeIDE/plugins/com.st.stm32cube.ide.mcu.externaltools.gnu-tools-for-stm32.13.3.rel1.win32_1.0.0.202411081344/tools/bin/../lib/gcc/arm-none-eabi/13.3.1/../../../../arm-none-eabi/lib/thumb/v7e-m+fp/hard\libc_nano.a
LOAD C:/ST/STM32CubeIDE_1.18.1/STM32CubeIDE/plugins/com.st.stm32cube.ide.mcu.externaltools.gnu-tools-for-stm32.13.3.rel1.win32_1.0.0.202411081344/tools/bin/../lib/gcc/arm-none-eabi/13.3.1/../../../../arm-none-eabi/lib/thumb/v7e-m+fp/hard\libm.a
END GROUP
START GROUP
LOAD C:/ST/STM32CubeIDE_1.18.1/STM32CubeIDE/plugins/com.st.stm32cube.ide.mcu.externaltools.gnu-tools-for-stm32.13.3.rel1.win32_1.0.0.202411081344/tools/bin/../lib/gcc/arm-none-eabi/13.3.1/thumb/v7e-m+fp/hard\libgcc.a
LOAD C:/ST/STM32CubeIDE_1.18.1/STM32CubeIDE/plugins/com.st.stm32cube.ide.mcu.externaltools.gnu-tools-for-stm32.13.3.rel1.win32_1.0.0.202411081344/tools/bin/../lib/gcc/arm-none-eabi/13.3.1/../../../../arm-none-eabi/lib/thumb/v7e-m+fp/hard\libc_nano.a
END GROUP
START GROUP
LOAD C:/ST/STM32CubeIDE_1.18.1/STM32CubeIDE/plugins/com.st.stm32cube.ide.mcu.externaltools.gnu-tools-for-stm32.13.3.rel1.win32_1.0.0.202411081344/tools/bin/../lib/gcc/arm-none-eabi/13.3.1/thumb/v7e-m+fp/hard\libgcc.a
LOAD C:/ST/STM32CubeIDE_1.18.1/STM32CubeIDE/plugins/com.st.stm32cube.ide.mcu.externaltools.gnu-tools-for-stm32.13.3.rel1.win32_1.0.0.202411081344/tools/bin/../lib/gcc/arm-none-eabi/13.3.1/../../../../arm-none-eabi/lib/thumb/v7e-m+fp/hard\libc_nano.a
LOAD C:/ST/STM32CubeIDE_1.18.1/STM32CubeIDE/plugins/com.st.stm32cube.ide.mcu.externaltools.gnu-tools-for-stm32.13.3.rel1.win32_1.0.0.202411081344/tools/bin/../lib/gcc/arm-none-eabi/13.3.1/../../../../arm-none-eabi/lib/thumb/v7e-m+fp/hard\libnosys.a
END GROUP
START GROUP
LOAD C:/ST/STM32CubeIDE_1.18.1/STM32CubeIDE/plugins/com.st.stm32cube.ide.mcu.externaltools.gnu-tools-for-stm32.13.3.rel1.win32_1.0.0.202411081344/tools/bin/../lib/gcc/arm-none-eabi/13.3.1/thumb/v7e-m+fp/hard\libgcc.a
LOAD C:/ST/STM32CubeIDE_1.18.1/STM32CubeIDE/plugins/com.st.stm32cube.ide.mcu.externaltools.gnu-tools-for-stm32.13.3.rel1.win32_1.0.0.202411081344/tools/bin/../lib/gcc/arm-none-eabi/13.3.1/../../../../arm-none-eabi/lib/thumb/v7e-m+fp/hard\libc_nano.a
LOAD C:/ST/STM32CubeIDE_1.18.1/STM32CubeIDE/plugins/com.st.stm32cube.ide.mcu.externaltools.gnu-tools-for-stm32.13.3.rel1.win32_1.0.0.202411081344/tools/bin/../lib/gcc/arm-none-eabi/13.3.1/../../../../arm-none-eabi/lib/thumb/v7e-m+fp/hard\libnosys.a
END GROUP
LOAD C:/ST/STM32CubeIDE_1.18.1/STM32CubeIDE/plugins/com.st.stm32cube.ide.mcu.externaltools.gnu-tools-for-stm32.13.3.rel1.win32_1.0.0.202411081344/tools/bin/../lib/gcc/arm-none-eabi/13.3.1/thumb/v7e-m+fp/hard/crtend.o
LOAD C:/ST/STM32CubeIDE_1.18.1/STM32CubeIDE/plugins/com.st.stm32cube.ide.mcu.externaltools.gnu-tools-for-stm32.13.3.rel1.win32_1.0.0.202411081344/tools/bin/../lib/gcc/arm-none-eabi/13.3.1/thumb/v7e-m+fp/hard/crtn.o
                0x20008000                        _estack = (ORIGIN (RAM) + LENGTH (RAM))
                0x00000200                        _Min_Heap_Size = 0x200
                0x00000400                        _Min_Stack_Size = 0x400

.isr_vector     0x08000000      0x1d8
                0x08000000                        . = ALIGN (0x4)
 *(.isr_vector)
 .isr_vector    0x08000000      0x1d8 ./Core/Startup/startup_stm32g431rbtx.o
                0x08000000                g_pfnVectors
                0x080001d8                        . = ALIGN (0x4)

.text           0x080001e0     0xd040
                0x080001e0                        . = ALIGN (0x4)
 *(.text)
 .text          0x080001e0       0x40 C:/ST/STM32CubeIDE_1.18.1/STM32CubeIDE/plugins/com.st.stm32cube.ide.mcu.externaltools.gnu-tools-for-stm32.13.3.rel1.win32_1.0.0.202411081344/tools/bin/../lib/gcc/arm-none-eabi/13.3.1/thumb/v7e-m+fp/hard/crtbegin.o
 .text          0x08000220       0x30 C:/ST/STM32CubeIDE_1.18.1/STM32CubeIDE/plugins/com.st.stm32cube.ide.mcu.externaltools.gnu-tools-for-stm32.13.3.rel1.win32_1.0.0.202411081344/tools/bin/../lib/gcc/arm-none-eabi/13.3.1/thumb/v7e-m+fp/hard\libgcc.a(_aeabi_uldivmod.o)
                0x08000220                __aeabi_uldivmod
 .text          0x08000250      0x2f8 C:/ST/STM32CubeIDE_1.18.1/STM32CubeIDE/plugins/com.st.stm32cube.ide.mcu.externaltools.gnu-tools-for-stm32.13.3.rel1.win32_1.0.0.202411081344/tools/bin/../lib/gcc/arm-none-eabi/13.3.1/thumb/v7e-m+fp/hard\libgcc.a(_udivmoddi4.o)
                0x08000250                __udivmoddi4
 .text          0x08000548        0x4 C:/ST/STM32CubeIDE_1.18.1/STM32CubeIDE/plugins/com.st.stm32cube.ide.mcu.externaltools.gnu-tools-for-stm32.13.3.rel1.win32_1.0.0.202411081344/tools/bin/../lib/gcc/arm-none-eabi/13.3.1/thumb/v7e-m+fp/hard\libgcc.a(_dvmd_tls.o)
                0x08000548                __aeabi_idiv0
                0x08000548                __aeabi_ldiv0
 *(.text*)
 .text.MX_ADC1_Init
                0x0800054c      0x14c ./Core/Src/adc.o
                0x0800054c                MX_ADC1_Init
 .text.HAL_ADC_MspInit
                0x08000698       0xbc ./Core/Src/adc.o
                0x08000698                HAL_ADC_MspInit
 .text.MX_FREERTOS_Init
                0x08000754       0x40 ./Core/Src/app_freertos.o
                0x08000754                MX_FREERTOS_Init
 .text.MX_CORDIC_Init
                0x08000794       0x28 ./Core/Src/cordic.o
                0x08000794                MX_CORDIC_Init
 .text.HAL_CORDIC_MspInit
                0x080007bc       0xf8 ./Core/Src/cordic.o
                0x080007bc                HAL_CORDIC_MspInit
 .text.MX_DMA_Init
                0x080008b4       0x64 ./Core/Src/dma.o
                0x080008b4                MX_DMA_Init
 .text.MX_FDCAN1_Init
                0x08000918       0x8c ./Core/Src/fdcan.o
                0x08000918                MX_FDCAN1_Init
 .text.HAL_FDCAN_MspInit
                0x080009a4       0xd4 ./Core/Src/fdcan.o
                0x080009a4                HAL_FDCAN_MspInit
 .text.MX_GPIO_Init
                0x08000a78      0x148 ./Core/Src/gpio.o
                0x08000a78                MX_GPIO_Init
 .text.main     0x08000bc0       0x84 ./Core/Src/main.o
                0x08000bc0                main
 .text.SystemClock_Config
                0x08000c44       0x96 ./Core/Src/main.o
                0x08000c44                SystemClock_Config
 *fill*         0x08000cda        0x2 
 .text.HAL_TIM_PeriodElapsedCallback
                0x08000cdc       0x28 ./Core/Src/main.o
                0x08000cdc                HAL_TIM_PeriodElapsedCallback
 .text.Error_Handler
                0x08000d04        0xc ./Core/Src/main.o
                0x08000d04                Error_Handler
 .text.HAL_MspInit
                0x08000d10       0x54 ./Core/Src/stm32g4xx_hal_msp.o
                0x08000d10                HAL_MspInit
 .text.HAL_InitTick
                0x08000d64       0xd8 ./Core/Src/stm32g4xx_hal_timebase_tim.o
                0x08000d64                HAL_InitTick
 .text.NMI_Handler
                0x08000e3c        0x8 ./Core/Src/stm32g4xx_it.o
                0x08000e3c                NMI_Handler
 .text.HardFault_Handler
                0x08000e44        0x8 ./Core/Src/stm32g4xx_it.o
                0x08000e44                HardFault_Handler
 .text.MemManage_Handler
                0x08000e4c        0x8 ./Core/Src/stm32g4xx_it.o
                0x08000e4c                MemManage_Handler
 .text.BusFault_Handler
                0x08000e54        0x8 ./Core/Src/stm32g4xx_it.o
                0x08000e54                BusFault_Handler
 .text.UsageFault_Handler
                0x08000e5c        0x8 ./Core/Src/stm32g4xx_it.o
                0x08000e5c                UsageFault_Handler
 .text.DebugMon_Handler
                0x08000e64        0xe ./Core/Src/stm32g4xx_it.o
                0x08000e64                DebugMon_Handler
 *fill*         0x08000e72        0x2 
 .text.ADC1_2_IRQHandler
                0x08000e74       0x14 ./Core/Src/stm32g4xx_it.o
                0x08000e74                ADC1_2_IRQHandler
 .text.FDCAN1_IT0_IRQHandler
                0x08000e88       0x14 ./Core/Src/stm32g4xx_it.o
                0x08000e88                FDCAN1_IT0_IRQHandler
 .text.FDCAN1_IT1_IRQHandler
                0x08000e9c       0x14 ./Core/Src/stm32g4xx_it.o
                0x08000e9c                FDCAN1_IT1_IRQHandler
 .text.TIM2_IRQHandler
                0x08000eb0       0x14 ./Core/Src/stm32g4xx_it.o
                0x08000eb0                TIM2_IRQHandler
 .text.TIM3_IRQHandler
                0x08000ec4       0x14 ./Core/Src/stm32g4xx_it.o
                0x08000ec4                TIM3_IRQHandler
 .text.EXTI15_10_IRQHandler
                0x08000ed8       0x26 ./Core/Src/stm32g4xx_it.o
                0x08000ed8                EXTI15_10_IRQHandler
 *fill*         0x08000efe        0x2 
 .text.TIM6_DAC_IRQHandler
                0x08000f00       0x14 ./Core/Src/stm32g4xx_it.o
                0x08000f00                TIM6_DAC_IRQHandler
 .text.DMA2_Channel2_IRQHandler
                0x08000f14       0x14 ./Core/Src/stm32g4xx_it.o
                0x08000f14                DMA2_Channel2_IRQHandler
 .text.DMA2_Channel3_IRQHandler
                0x08000f28       0x14 ./Core/Src/stm32g4xx_it.o
                0x08000f28                DMA2_Channel3_IRQHandler
 .text.SystemInit
                0x08000f3c       0x24 ./Core/Src/system_stm32g4xx.o
                0x08000f3c                SystemInit
 .text.MX_TIM1_Init
                0x08000f60      0x17c ./Core/Src/tim.o
                0x08000f60                MX_TIM1_Init
 .text.MX_TIM2_Init
                0x080010dc       0xb0 ./Core/Src/tim.o
                0x080010dc                MX_TIM2_Init
 .text.MX_TIM3_Init
                0x0800118c       0xb0 ./Core/Src/tim.o
                0x0800118c                MX_TIM3_Init
 .text.HAL_TIM_PWM_MspInit
                0x0800123c       0x40 ./Core/Src/tim.o
                0x0800123c                HAL_TIM_PWM_MspInit
 .text.HAL_TIM_OC_MspInit
                0x0800127c       0x80 ./Core/Src/tim.o
                0x0800127c                HAL_TIM_OC_MspInit
 .text.HAL_TIM_MspPostInit
                0x080012fc       0xd0 ./Core/Src/tim.o
                0x080012fc                HAL_TIM_MspPostInit
 .text.adc_renew
                0x080013cc       0x5a ./Core/Src/analog/adc1/main.o
                0x080013cc                adc_renew
 *fill*         0x08001426        0x2 
 .text.adc_set_zero_point
                0x08001428       0x34 ./Core/Src/analog/adc1/main.o
                0x08001428                adc_set_zero_point
 .text.fdcan_pkt_get_byte
                0x0800145c       0x50 ./Core/Src/connectivity/fdcan/basic.o
                0x0800145c                fdcan_pkt_get_byte
 .text.fdcan_pkt_pool_alloc
                0x080014ac       0x68 ./Core/Src/connectivity/fdcan/basic.o
                0x080014ac                fdcan_pkt_pool_alloc
 .text.fdcan_pkt_pool_free
                0x08001514       0x4c ./Core/Src/connectivity/fdcan/basic.o
                0x08001514                fdcan_pkt_pool_free
 .text.fdcan_pkt_buf_push
                0x08001560       0x74 ./Core/Src/connectivity/fdcan/basic.o
                0x08001560                fdcan_pkt_buf_push
 .text.HAL_FDCAN_ErrorStatusCallback
                0x080015d4       0x38 ./Core/Src/connectivity/fdcan/callback.o
                0x080015d4                HAL_FDCAN_ErrorStatusCallback
 .text.HAL_FDCAN_TxEventFifoCallback
                0x0800160c       0x36 ./Core/Src/connectivity/fdcan/callback.o
                0x0800160c                HAL_FDCAN_TxEventFifoCallback
 .text.HAL_FDCAN_TxBufferCompleteCallback
                0x08001642       0x16 ./Core/Src/connectivity/fdcan/callback.o
                0x08001642                HAL_FDCAN_TxBufferCompleteCallback
 .text.HAL_FDCAN_RxFifo0Callback
                0x08001658       0xe0 ./Core/Src/connectivity/fdcan/callback.o
                0x08001658                HAL_FDCAN_RxFifo0Callback
 .text.HAL_FDCAN_RxFifo1Callback
                0x08001738       0x16 ./Core/Src/connectivity/fdcan/callback.o
                0x08001738                HAL_FDCAN_RxFifo1Callback
 .text.fdcan_pkt_ist_read_inner
                0x0800174e       0x26 ./Core/Src/connectivity/fdcan/pkt_read.o
                0x0800174e                fdcan_pkt_ist_read_inner
 .text.fdcan_pkt_ist_read
                0x08001774      0x150 ./Core/Src/connectivity/fdcan/pkt_read.o
                0x08001774                fdcan_pkt_ist_read
 .text.INIT_OWN
                0x080018c4        0xc ./Core/Src/main/main.o
                0x080018c4                INIT_OWN
 .text.HAL_GPIO_EXTI_Callback
                0x080018d0       0x3c ./Core/Src/main/main.o
                0x080018d0                HAL_GPIO_EXTI_Callback
 .text.HAL_TIM_PeriodElapsedCallback_OWN
                0x0800190c       0x24 ./Core/Src/main/main.o
                0x0800190c                HAL_TIM_PeriodElapsedCallback_OWN
 .text.HAL_ADCEx_InjectedConvCpltCallback
                0x08001930       0x30 ./Core/Src/main/main.o
                0x08001930                HAL_ADCEx_InjectedConvCpltCallback
 .text.StartDefaultTask
                0x08001960       0x38 ./Core/Src/main/main.o
                0x08001960                StartDefaultTask
 .text.INIT_OWN_TIM
                0x08001998       0x54 ./Core/Src/main/tim.o
                0x08001998                INIT_OWN_TIM
 .text.var_u8_to_u32_be
                0x080019ec       0x36 ./Core/Src/main/variable_cal.o
                0x080019ec                var_u8_to_u32_be
 .text.var_u8_to_f32_be
                0x08001a22       0x26 ./Core/Src/main/variable_cal.o
                0x08001a22                var_u8_to_f32_be
 .text.var_clampf
                0x08001a48       0x52 ./Core/Src/main/variable_cal.o
                0x08001a48                var_clampf
 .text.var_wrap_pos
                0x08001a9a       0x74 ./Core/Src/main/variable_cal.o
                0x08001a9a                var_wrap_pos
 *fill*         0x08001b0e        0x2 
 .text.var_wrap_pi
                0x08001b10       0xa4 ./Core/Src/main/variable_cal.o
                0x08001b10                var_wrap_pi
 .text.var_fabsf
                0x08001bb4       0x2a ./Core/Src/main/variable_cal.o
                0x08001bb4                var_fabsf
 .text.motor_init
                0x08001bde       0x2e ./Core/Src/motor/basic.o
                0x08001bde                motor_init
 .text.motor_set_speed
                0x08001c0c       0x2a ./Core/Src/motor/basic.o
                0x08001c0c                motor_set_speed
 .text.motor_switch_ctrl
                0x08001c36       0x94 ./Core/Src/motor/basic.o
                0x08001c36                motor_switch_ctrl
 *fill*         0x08001cca        0x2 
 .text.CLARKE_run_ideal
                0x08001ccc       0x44 ./Core/Src/motor/clarke.o
                0x08001ccc                CLARKE_run_ideal
 .text.deg_ctrl_load
                0x08001d10      0x324 ./Core/Src/motor/ctrl_deg.o
                0x08001d10                deg_ctrl_load
 .text.vec_ctrl_hall_angle_trf
                0x08002034       0x30 ./Core/Src/motor/ctrl_foc.o
                0x08002034                vec_ctrl_hall_angle_trf
 .text.vec_ctrl_hall_angle_chk
                0x08002064       0x4c ./Core/Src/motor/ctrl_foc.o
                0x08002064                vec_ctrl_hall_angle_chk
 .text.vec_ctrl_clarke
                0x080020b0       0xa4 ./Core/Src/motor/ctrl_foc.o
                0x080020b0                vec_ctrl_clarke
 .text.vec_ctrl_park
                0x08002154       0xc4 ./Core/Src/motor/ctrl_foc.o
                0x08002154                vec_ctrl_park
 .text.vec_ctrl_pi_id_iq
                0x08002218      0x100 ./Core/Src/motor/ctrl_foc.o
                0x08002218                vec_ctrl_pi_id_iq
 .text.vec_ctrl_ipark
                0x08002318       0xd4 ./Core/Src/motor/ctrl_foc.o
                0x08002318                vec_ctrl_ipark
 .text.vec_ctrl_svgen
                0x080023ec       0xb4 ./Core/Src/motor/ctrl_foc.o
                0x080023ec                vec_ctrl_svgen
 .text.vec_ctrl_svpwm
                0x080024a0      0x2a0 ./Core/Src/motor/ctrl_foc.o
                0x080024a0                vec_ctrl_svpwm
 .text.vec_ctrl_load
                0x08002740      0x32c ./Core/Src/motor/ctrl_foc.o
                0x08002740                vec_ctrl_load
 .text.motor_hall_exti
                0x08002a6c      0x260 ./Core/Src/motor/main.o
                0x08002a6c                motor_hall_exti
 .text.motor_adc_renew
                0x08002ccc       0x88 ./Core/Src/motor/main.o
                0x08002ccc                motor_adc_renew
 .text.motor_pwm_pulse
                0x08002d54       0xe0 ./Core/Src/motor/main.o
                0x08002d54                motor_pwm_pulse
 .text.motor_stop_trigger
                0x08002e34       0x4c ./Core/Src/motor/main.o
                0x08002e34                motor_stop_trigger
 .text.motor_setup
                0x08002e80      0x33c ./Core/Src/motor/main.o
 .text.StartMotorTask
                0x080031bc       0x3c ./Core/Src/motor/main.o
                0x080031bc                StartMotorTask
 .text.PARK_run
                0x080031f8       0x68 ./Core/Src/motor/park.o
                0x080031f8                PARK_run
 .text.IPARK_run
                0x08003260       0x68 ./Core/Src/motor/park.o
                0x08003260                IPARK_run
 .text.PI_run   0x080032c8       0xe8 ./Core/Src/motor/pi.o
                0x080032c8                PI_run
 .text.SVGEN_run
                0x080033b0       0xc8 ./Core/Src/motor/svgendq.o
                0x080033b0                SVGEN_run
 .text.trigo_sin_cosf
                0x08003478      0x118 ./Core/Src/motor/trigonometric.o
                0x08003478                trigo_sin_cosf
 .text.trigo_atan
                0x08003590      0x18c ./Core/Src/motor/trigonometric.o
                0x08003590                trigo_atan
 .text.Reset_Handler
                0x0800371c       0x50 ./Core/Startup/startup_stm32g431rbtx.o
                0x0800371c                Reset_Handler
 .text.Default_Handler
                0x0800376c        0x2 ./Core/Startup/startup_stm32g431rbtx.o
                0x0800376c                RTC_Alarm_IRQHandler
                0x0800376c                EXTI2_IRQHandler
                0x0800376c                TIM8_TRG_COM_IRQHandler
                0x0800376c                TIM8_CC_IRQHandler
                0x0800376c                TIM1_CC_IRQHandler
                0x0800376c                USB_HP_IRQHandler
                0x0800376c                CORDIC_IRQHandler
                0x0800376c                EXTI3_IRQHandler
                0x0800376c                I2C3_ER_IRQHandler
                0x0800376c                EXTI0_IRQHandler
                0x0800376c                I2C2_EV_IRQHandler
                0x0800376c                FPU_IRQHandler
                0x0800376c                TIM1_UP_TIM16_IRQHandler
                0x0800376c                SPI1_IRQHandler
                0x0800376c                TIM8_UP_IRQHandler
                0x0800376c                DMA1_Channel4_IRQHandler
                0x0800376c                USART3_IRQHandler
                0x0800376c                TIM4_IRQHandler
                0x0800376c                DMA2_Channel1_IRQHandler
                0x0800376c                I2C1_EV_IRQHandler
                0x0800376c                DMA1_Channel6_IRQHandler
                0x0800376c                UART4_IRQHandler
                0x0800376c                DMA2_Channel4_IRQHandler
                0x0800376c                RCC_IRQHandler
                0x0800376c                DMA1_Channel1_IRQHandler
                0x0800376c                Default_Handler
                0x0800376c                RTC_TAMP_LSECSS_IRQHandler
                0x0800376c                FMAC_IRQHandler
                0x0800376c                TIM7_IRQHandler
                0x0800376c                UCPD1_IRQHandler
                0x0800376c                I2C3_EV_IRQHandler
                0x0800376c                EXTI9_5_IRQHandler
                0x0800376c                RTC_WKUP_IRQHandler
                0x0800376c                PVD_PVM_IRQHandler
                0x0800376c                SPI2_IRQHandler
                0x0800376c                DMA2_Channel5_IRQHandler
                0x0800376c                CRS_IRQHandler
                0x0800376c                DMA1_Channel5_IRQHandler
                0x0800376c                USB_LP_IRQHandler
                0x0800376c                EXTI4_IRQHandler
                0x0800376c                RNG_IRQHandler
                0x0800376c                TIM1_TRG_COM_TIM17_IRQHandler
                0x0800376c                DMA1_Channel3_IRQHandler
                0x0800376c                WWDG_IRQHandler
                0x0800376c                LPUART1_IRQHandler
                0x0800376c                DMA2_Channel6_IRQHandler
                0x0800376c                COMP1_2_3_IRQHandler
                0x0800376c                EXTI1_IRQHandler
                0x0800376c                USART2_IRQHandler
                0x0800376c                I2C2_ER_IRQHandler
                0x0800376c                DMA1_Channel2_IRQHandler
                0x0800376c                TIM8_BRK_IRQHandler
                0x0800376c                FLASH_IRQHandler
                0x0800376c                USART1_IRQHandler
                0x0800376c                SPI3_IRQHandler
                0x0800376c                I2C1_ER_IRQHandler
                0x0800376c                LPTIM1_IRQHandler
                0x0800376c                DMAMUX_OVR_IRQHandler
                0x0800376c                USBWakeUp_IRQHandler
                0x0800376c                SAI1_IRQHandler
                0x0800376c                COMP4_IRQHandler
                0x0800376c                TIM1_BRK_TIM15_IRQHandler
 *fill*         0x0800376e        0x2 
 .text.BSP_LED_Init
                0x08003770       0x6c ./Drivers/BSP/STM32G4xx_Nucleo/stm32g4xx_nucleo.o
                0x08003770                BSP_LED_Init
 .text.BSP_PB_Init
                0x080037dc       0xdc ./Drivers/BSP/STM32G4xx_Nucleo/stm32g4xx_nucleo.o
                0x080037dc                BSP_PB_Init
 .text.BSP_PB_IRQHandler
                0x080038b8       0x24 ./Drivers/BSP/STM32G4xx_Nucleo/stm32g4xx_nucleo.o
                0x080038b8                BSP_PB_IRQHandler
 .text.BSP_PB_Callback
                0x080038dc       0x16 ./Drivers/BSP/STM32G4xx_Nucleo/stm32g4xx_nucleo.o
                0x080038dc                BSP_PB_Callback
 *fill*         0x080038f2        0x2 
 .text.BSP_COM_Init
                0x080038f4       0x60 ./Drivers/BSP/STM32G4xx_Nucleo/stm32g4xx_nucleo.o
                0x080038f4                BSP_COM_Init
 .text.MX_LPUART1_Init
                0x08003954       0x64 ./Drivers/BSP/STM32G4xx_Nucleo/stm32g4xx_nucleo.o
                0x08003954                MX_LPUART1_Init
 .text.BUTTON_USER_EXTI_Callback
                0x080039b8        0xe ./Drivers/BSP/STM32G4xx_Nucleo/stm32g4xx_nucleo.o
 *fill*         0x080039c6        0x2 
 .text.COM1_MspInit
                0x080039c8       0x98 ./Drivers/BSP/STM32G4xx_Nucleo/stm32g4xx_nucleo.o
 .text.HAL_Init
                0x08003a60       0x30 ./Drivers/STM32G4xx_HAL_Driver/Src/stm32g4xx_hal.o
                0x08003a60                HAL_Init
 .text.HAL_IncTick
                0x08003a90       0x24 ./Drivers/STM32G4xx_HAL_Driver/Src/stm32g4xx_hal.o
                0x08003a90                HAL_IncTick
 .text.HAL_GetTick
                0x08003ab4       0x18 ./Drivers/STM32G4xx_HAL_Driver/Src/stm32g4xx_hal.o
                0x08003ab4                HAL_GetTick
 .text.LL_ADC_SetCommonClock
                0x08003acc       0x26 ./Drivers/STM32G4xx_HAL_Driver/Src/stm32g4xx_hal_adc.o
 .text.LL_ADC_GetCommonPathInternalCh
                0x08003af2       0x1c ./Drivers/STM32G4xx_HAL_Driver/Src/stm32g4xx_hal_adc.o
 .text.LL_ADC_REG_IsTriggerSourceSWStart
                0x08003b0e       0x26 ./Drivers/STM32G4xx_HAL_Driver/Src/stm32g4xx_hal_adc.o
 .text.LL_ADC_INJ_IsTriggerSourceSWStart
                0x08003b34       0x26 ./Drivers/STM32G4xx_HAL_Driver/Src/stm32g4xx_hal_adc.o
 .text.LL_ADC_GetMultimode
                0x08003b5a       0x1c ./Drivers/STM32G4xx_HAL_Driver/Src/stm32g4xx_hal_adc.o
 .text.LL_ADC_GetMultiDMATransfer
                0x08003b76       0x1c ./Drivers/STM32G4xx_HAL_Driver/Src/stm32g4xx_hal_adc.o
 .text.LL_ADC_DisableDeepPowerDown
                0x08003b92       0x24 ./Drivers/STM32G4xx_HAL_Driver/Src/stm32g4xx_hal_adc.o
 .text.LL_ADC_IsDeepPowerDownEnabled
                0x08003bb6       0x28 ./Drivers/STM32G4xx_HAL_Driver/Src/stm32g4xx_hal_adc.o
 .text.LL_ADC_EnableInternalRegulator
                0x08003bde       0x28 ./Drivers/STM32G4xx_HAL_Driver/Src/stm32g4xx_hal_adc.o
 .text.LL_ADC_IsInternalRegulatorEnabled
                0x08003c06       0x28 ./Drivers/STM32G4xx_HAL_Driver/Src/stm32g4xx_hal_adc.o
 .text.LL_ADC_Enable
                0x08003c2e       0x28 ./Drivers/STM32G4xx_HAL_Driver/Src/stm32g4xx_hal_adc.o
 .text.LL_ADC_Disable
                0x08003c56       0x28 ./Drivers/STM32G4xx_HAL_Driver/Src/stm32g4xx_hal_adc.o
 .text.LL_ADC_IsEnabled
                0x08003c7e       0x26 ./Drivers/STM32G4xx_HAL_Driver/Src/stm32g4xx_hal_adc.o
 .text.LL_ADC_IsDisableOngoing
                0x08003ca4       0x26 ./Drivers/STM32G4xx_HAL_Driver/Src/stm32g4xx_hal_adc.o
 .text.LL_ADC_REG_IsConversionOngoing
                0x08003cca       0x26 ./Drivers/STM32G4xx_HAL_Driver/Src/stm32g4xx_hal_adc.o
 .text.LL_ADC_INJ_IsConversionOngoing
                0x08003cf0       0x26 ./Drivers/STM32G4xx_HAL_Driver/Src/stm32g4xx_hal_adc.o
 *fill*         0x08003d16        0x2 
 .text.HAL_ADC_Init
                0x08003d18      0x308 ./Drivers/STM32G4xx_HAL_Driver/Src/stm32g4xx_hal_adc.o
                0x08003d18                HAL_ADC_Init
 .text.HAL_ADC_IRQHandler
                0x08004020      0x434 ./Drivers/STM32G4xx_HAL_Driver/Src/stm32g4xx_hal_adc.o
                0x08004020                HAL_ADC_IRQHandler
 .text.HAL_ADC_ConvCpltCallback
                0x08004454       0x14 ./Drivers/STM32G4xx_HAL_Driver/Src/stm32g4xx_hal_adc.o
                0x08004454                HAL_ADC_ConvCpltCallback
 .text.HAL_ADC_LevelOutOfWindowCallback
                0x08004468       0x14 ./Drivers/STM32G4xx_HAL_Driver/Src/stm32g4xx_hal_adc.o
                0x08004468                HAL_ADC_LevelOutOfWindowCallback
 .text.HAL_ADC_ErrorCallback
                0x0800447c       0x14 ./Drivers/STM32G4xx_HAL_Driver/Src/stm32g4xx_hal_adc.o
                0x0800447c                HAL_ADC_ErrorCallback
 .text.ADC_Enable
                0x08004490      0x10c ./Drivers/STM32G4xx_HAL_Driver/Src/stm32g4xx_hal_adc.o
                0x08004490                ADC_Enable
 .text.ADC_Disable
                0x0800459c       0xbe ./Drivers/STM32G4xx_HAL_Driver/Src/stm32g4xx_hal_adc.o
                0x0800459c                ADC_Disable
 .text.LL_ADC_SetCommonPathInternalCh
                0x0800465a       0x26 ./Drivers/STM32G4xx_HAL_Driver/Src/stm32g4xx_hal_adc_ex.o
 .text.LL_ADC_GetCommonPathInternalCh
                0x08004680       0x1c ./Drivers/STM32G4xx_HAL_Driver/Src/stm32g4xx_hal_adc_ex.o
 .text.LL_ADC_SetOffset
                0x0800469c       0x48 ./Drivers/STM32G4xx_HAL_Driver/Src/stm32g4xx_hal_adc_ex.o
 .text.LL_ADC_GetOffsetChannel
                0x080046e4       0x2c ./Drivers/STM32G4xx_HAL_Driver/Src/stm32g4xx_hal_adc_ex.o
 .text.LL_ADC_SetOffsetState
                0x08004710       0x36 ./Drivers/STM32G4xx_HAL_Driver/Src/stm32g4xx_hal_adc_ex.o
 .text.LL_ADC_SetOffsetSign
                0x08004746       0x36 ./Drivers/STM32G4xx_HAL_Driver/Src/stm32g4xx_hal_adc_ex.o
 .text.LL_ADC_SetOffsetSaturation
                0x0800477c       0x36 ./Drivers/STM32G4xx_HAL_Driver/Src/stm32g4xx_hal_adc_ex.o
 .text.LL_ADC_SetSamplingTimeCommonConfig
                0x080047b2       0x26 ./Drivers/STM32G4xx_HAL_Driver/Src/stm32g4xx_hal_adc_ex.o
 .text.LL_ADC_INJ_GetTrigAuto
                0x080047d8       0x1c ./Drivers/STM32G4xx_HAL_Driver/Src/stm32g4xx_hal_adc_ex.o
 .text.LL_ADC_SetChannelSamplingTime
                0x080047f4       0x56 ./Drivers/STM32G4xx_HAL_Driver/Src/stm32g4xx_hal_adc_ex.o
 *fill*         0x0800484a        0x2 
 .text.LL_ADC_SetChannelSingleDiff
                0x0800484c       0x48 ./Drivers/STM32G4xx_HAL_Driver/Src/stm32g4xx_hal_adc_ex.o
 .text.LL_ADC_GetMultimode
                0x08004894       0x1c ./Drivers/STM32G4xx_HAL_Driver/Src/stm32g4xx_hal_adc_ex.o
 .text.LL_ADC_IsEnabled
                0x080048b0       0x26 ./Drivers/STM32G4xx_HAL_Driver/Src/stm32g4xx_hal_adc_ex.o
 .text.LL_ADC_StartCalibration
                0x080048d6       0x32 ./Drivers/STM32G4xx_HAL_Driver/Src/stm32g4xx_hal_adc_ex.o
 .text.LL_ADC_IsCalibrationOnGoing
                0x08004908       0x28 ./Drivers/STM32G4xx_HAL_Driver/Src/stm32g4xx_hal_adc_ex.o
 .text.LL_ADC_REG_IsConversionOngoing
                0x08004930       0x26 ./Drivers/STM32G4xx_HAL_Driver/Src/stm32g4xx_hal_adc_ex.o
 .text.LL_ADC_INJ_StartConversion
                0x08004956       0x28 ./Drivers/STM32G4xx_HAL_Driver/Src/stm32g4xx_hal_adc_ex.o
 .text.LL_ADC_INJ_IsConversionOngoing
                0x0800497e       0x26 ./Drivers/STM32G4xx_HAL_Driver/Src/stm32g4xx_hal_adc_ex.o
 .text.HAL_ADCEx_Calibration_Start
                0x080049a4       0xc4 ./Drivers/STM32G4xx_HAL_Driver/Src/stm32g4xx_hal_adc_ex.o
                0x080049a4                HAL_ADCEx_Calibration_Start
 .text.HAL_ADCEx_InjectedStart_IT
                0x08004a68      0x1cc ./Drivers/STM32G4xx_HAL_Driver/Src/stm32g4xx_hal_adc_ex.o
                0x08004a68                HAL_ADCEx_InjectedStart_IT
 .text.HAL_ADCEx_InjectedGetValue
                0x08004c34       0x70 ./Drivers/STM32G4xx_HAL_Driver/Src/stm32g4xx_hal_adc_ex.o
                0x08004c34                HAL_ADCEx_InjectedGetValue
 .text.HAL_ADCEx_InjectedQueueOverflowCallback
                0x08004ca4       0x14 ./Drivers/STM32G4xx_HAL_Driver/Src/stm32g4xx_hal_adc_ex.o
                0x08004ca4                HAL_ADCEx_InjectedQueueOverflowCallback
 .text.HAL_ADCEx_LevelOutOfWindow2Callback
                0x08004cb8       0x14 ./Drivers/STM32G4xx_HAL_Driver/Src/stm32g4xx_hal_adc_ex.o
                0x08004cb8                HAL_ADCEx_LevelOutOfWindow2Callback
 .text.HAL_ADCEx_LevelOutOfWindow3Callback
                0x08004ccc       0x14 ./Drivers/STM32G4xx_HAL_Driver/Src/stm32g4xx_hal_adc_ex.o
                0x08004ccc                HAL_ADCEx_LevelOutOfWindow3Callback
 .text.HAL_ADCEx_EndOfSamplingCallback
                0x08004ce0       0x14 ./Drivers/STM32G4xx_HAL_Driver/Src/stm32g4xx_hal_adc_ex.o
                0x08004ce0                HAL_ADCEx_EndOfSamplingCallback
 .text.HAL_ADCEx_InjectedConfigChannel
                0x08004cf4      0x9c0 ./Drivers/STM32G4xx_HAL_Driver/Src/stm32g4xx_hal_adc_ex.o
                0x08004cf4                HAL_ADCEx_InjectedConfigChannel
 .text.HAL_ADCEx_MultiModeConfigChannel
                0x080056b4      0x148 ./Drivers/STM32G4xx_HAL_Driver/Src/stm32g4xx_hal_adc_ex.o
                0x080056b4                HAL_ADCEx_MultiModeConfigChannel
 .text.HAL_CORDIC_Init
                0x080057fc       0x62 ./Drivers/STM32G4xx_HAL_Driver/Src/stm32g4xx_hal_cordic.o
                0x080057fc                HAL_CORDIC_Init
 *fill*         0x0800585e        0x2 
 .text.HAL_CORDIC_Configure
                0x08005860       0x78 ./Drivers/STM32G4xx_HAL_Driver/Src/stm32g4xx_hal_cordic.o
                0x08005860                HAL_CORDIC_Configure
 .text.HAL_CORDIC_Calculate
                0x080058d8       0xf2 ./Drivers/STM32G4xx_HAL_Driver/Src/stm32g4xx_hal_cordic.o
                0x080058d8                HAL_CORDIC_Calculate
 .text.CORDIC_WriteInDataIncrementPtr
                0x080059ca       0x52 ./Drivers/STM32G4xx_HAL_Driver/Src/stm32g4xx_hal_cordic.o
 .text.CORDIC_ReadOutDataIncrementPtr
                0x08005a1c       0x52 ./Drivers/STM32G4xx_HAL_Driver/Src/stm32g4xx_hal_cordic.o
 *fill*         0x08005a6e        0x2 
 .text.__NVIC_SetPriorityGrouping
                0x08005a70       0x48 ./Drivers/STM32G4xx_HAL_Driver/Src/stm32g4xx_hal_cortex.o
 .text.__NVIC_GetPriorityGrouping
                0x08005ab8       0x1c ./Drivers/STM32G4xx_HAL_Driver/Src/stm32g4xx_hal_cortex.o
 .text.__NVIC_EnableIRQ
                0x08005ad4       0x3c ./Drivers/STM32G4xx_HAL_Driver/Src/stm32g4xx_hal_cortex.o
 .text.__NVIC_SetPriority
                0x08005b10       0x54 ./Drivers/STM32G4xx_HAL_Driver/Src/stm32g4xx_hal_cortex.o
 .text.NVIC_EncodePriority
                0x08005b64       0x66 ./Drivers/STM32G4xx_HAL_Driver/Src/stm32g4xx_hal_cortex.o
 .text.HAL_NVIC_SetPriorityGrouping
                0x08005bca       0x16 ./Drivers/STM32G4xx_HAL_Driver/Src/stm32g4xx_hal_cortex.o
                0x08005bca                HAL_NVIC_SetPriorityGrouping
 .text.HAL_NVIC_SetPriority
                0x08005be0       0x34 ./Drivers/STM32G4xx_HAL_Driver/Src/stm32g4xx_hal_cortex.o
                0x08005be0                HAL_NVIC_SetPriority
 .text.HAL_NVIC_EnableIRQ
                0x08005c14       0x1c ./Drivers/STM32G4xx_HAL_Driver/Src/stm32g4xx_hal_cortex.o
                0x08005c14                HAL_NVIC_EnableIRQ
 .text.HAL_DMA_Init
                0x08005c30      0x150 ./Drivers/STM32G4xx_HAL_Driver/Src/stm32g4xx_hal_dma.o
                0x08005c30                HAL_DMA_Init
 .text.HAL_DMA_IRQHandler
                0x08005d80      0x15e ./Drivers/STM32G4xx_HAL_Driver/Src/stm32g4xx_hal_dma.o
                0x08005d80                HAL_DMA_IRQHandler
 *fill*         0x08005ede        0x2 
 .text.DMA_CalcDMAMUXChannelBaseAndMask
                0x08005ee0       0x7c ./Drivers/STM32G4xx_HAL_Driver/Src/stm32g4xx_hal_dma.o
 .text.DMA_CalcDMAMUXRequestGenBaseAndMask
                0x08005f5c       0x48 ./Drivers/STM32G4xx_HAL_Driver/Src/stm32g4xx_hal_dma.o
 .text.HAL_EXTI_RegisterCallback
                0x08005fa4       0x3a ./Drivers/STM32G4xx_HAL_Driver/Src/stm32g4xx_hal_exti.o
                0x08005fa4                HAL_EXTI_RegisterCallback
 .text.HAL_EXTI_GetHandle
                0x08005fde       0x28 ./Drivers/STM32G4xx_HAL_Driver/Src/stm32g4xx_hal_exti.o
                0x08005fde                HAL_EXTI_GetHandle
 *fill*         0x08006006        0x2 
 .text.HAL_EXTI_IRQHandler
                0x08006008       0x60 ./Drivers/STM32G4xx_HAL_Driver/Src/stm32g4xx_hal_exti.o
                0x08006008                HAL_EXTI_IRQHandler
 .text.HAL_FDCAN_Init
                0x08006068      0x2b4 ./Drivers/STM32G4xx_HAL_Driver/Src/stm32g4xx_hal_fdcan.o
                0x08006068                HAL_FDCAN_Init
 .text.HAL_FDCAN_GetRxMessage
                0x0800631c      0x210 ./Drivers/STM32G4xx_HAL_Driver/Src/stm32g4xx_hal_fdcan.o
                0x0800631c                HAL_FDCAN_GetRxMessage
 .text.HAL_FDCAN_GetTxEvent
                0x0800652c      0x110 ./Drivers/STM32G4xx_HAL_Driver/Src/stm32g4xx_hal_fdcan.o
                0x0800652c                HAL_FDCAN_GetTxEvent
 .text.HAL_FDCAN_IRQHandler
                0x0800663c      0x266 ./Drivers/STM32G4xx_HAL_Driver/Src/stm32g4xx_hal_fdcan.o
                0x0800663c                HAL_FDCAN_IRQHandler
 .text.HAL_FDCAN_TxFifoEmptyCallback
                0x080068a2       0x14 ./Drivers/STM32G4xx_HAL_Driver/Src/stm32g4xx_hal_fdcan.o
                0x080068a2                HAL_FDCAN_TxFifoEmptyCallback
 .text.HAL_FDCAN_TxBufferAbortCallback
                0x080068b6       0x16 ./Drivers/STM32G4xx_HAL_Driver/Src/stm32g4xx_hal_fdcan.o
                0x080068b6                HAL_FDCAN_TxBufferAbortCallback
 .text.HAL_FDCAN_TimestampWraparoundCallback
                0x080068cc       0x14 ./Drivers/STM32G4xx_HAL_Driver/Src/stm32g4xx_hal_fdcan.o
                0x080068cc                HAL_FDCAN_TimestampWraparoundCallback
 .text.HAL_FDCAN_TimeoutOccurredCallback
                0x080068e0       0x14 ./Drivers/STM32G4xx_HAL_Driver/Src/stm32g4xx_hal_fdcan.o
                0x080068e0                HAL_FDCAN_TimeoutOccurredCallback
 .text.HAL_FDCAN_HighPriorityMessageCallback
                0x080068f4       0x14 ./Drivers/STM32G4xx_HAL_Driver/Src/stm32g4xx_hal_fdcan.o
                0x080068f4                HAL_FDCAN_HighPriorityMessageCallback
 .text.HAL_FDCAN_ErrorCallback
                0x08006908       0x14 ./Drivers/STM32G4xx_HAL_Driver/Src/stm32g4xx_hal_fdcan.o
                0x08006908                HAL_FDCAN_ErrorCallback
 .text.FDCAN_CalcultateRamBlockAddresses
                0x0800691c       0xac ./Drivers/STM32G4xx_HAL_Driver/Src/stm32g4xx_hal_fdcan.o
 .text.HAL_GPIO_Init
                0x080069c8      0x304 ./Drivers/STM32G4xx_HAL_Driver/Src/stm32g4xx_hal_gpio.o
                0x080069c8                HAL_GPIO_Init
 .text.HAL_GPIO_WritePin
                0x08006ccc       0x30 ./Drivers/STM32G4xx_HAL_Driver/Src/stm32g4xx_hal_gpio.o
                0x08006ccc                HAL_GPIO_WritePin
 .text.HAL_GPIO_EXTI_IRQHandler
                0x08006cfc       0x30 ./Drivers/STM32G4xx_HAL_Driver/Src/stm32g4xx_hal_gpio.o
                0x08006cfc                HAL_GPIO_EXTI_IRQHandler
 .text.HAL_PWREx_ControlVoltageScaling
                0x08006d2c      0x148 ./Drivers/STM32G4xx_HAL_Driver/Src/stm32g4xx_hal_pwr_ex.o
                0x08006d2c                HAL_PWREx_ControlVoltageScaling
 .text.HAL_PWREx_DisableUCPDDeadBattery
                0x08006e74       0x20 ./Drivers/STM32G4xx_HAL_Driver/Src/stm32g4xx_hal_pwr_ex.o
                0x08006e74                HAL_PWREx_DisableUCPDDeadBattery
 .text.HAL_RCC_OscConfig
                0x08006e94      0x624 ./Drivers/STM32G4xx_HAL_Driver/Src/stm32g4xx_hal_rcc.o
                0x08006e94                HAL_RCC_OscConfig
 .text.HAL_RCC_ClockConfig
                0x080074b8      0x278 ./Drivers/STM32G4xx_HAL_Driver/Src/stm32g4xx_hal_rcc.o
                0x080074b8                HAL_RCC_ClockConfig
 .text.HAL_RCC_GetSysClockFreq
                0x08007730       0xc4 ./Drivers/STM32G4xx_HAL_Driver/Src/stm32g4xx_hal_rcc.o
                0x08007730                HAL_RCC_GetSysClockFreq
 .text.HAL_RCC_GetHCLKFreq
                0x080077f4       0x18 ./Drivers/STM32G4xx_HAL_Driver/Src/stm32g4xx_hal_rcc.o
                0x080077f4                HAL_RCC_GetHCLKFreq
 .text.HAL_RCC_GetPCLK1Freq
                0x0800780c       0x2c ./Drivers/STM32G4xx_HAL_Driver/Src/stm32g4xx_hal_rcc.o
                0x0800780c                HAL_RCC_GetPCLK1Freq
 .text.HAL_RCC_GetPCLK2Freq
                0x08007838       0x2c ./Drivers/STM32G4xx_HAL_Driver/Src/stm32g4xx_hal_rcc.o
                0x08007838                HAL_RCC_GetPCLK2Freq
 .text.HAL_RCC_GetClockConfig
                0x08007864       0x64 ./Drivers/STM32G4xx_HAL_Driver/Src/stm32g4xx_hal_rcc.o
                0x08007864                HAL_RCC_GetClockConfig
 .text.RCC_GetSysClockFreqFromPLLSource
                0x080078c8       0x8c ./Drivers/STM32G4xx_HAL_Driver/Src/stm32g4xx_hal_rcc.o
 .text.HAL_RCCEx_PeriphCLKConfig
                0x08007954      0x3e0 ./Drivers/STM32G4xx_HAL_Driver/Src/stm32g4xx_hal_rcc_ex.o
                0x08007954                HAL_RCCEx_PeriphCLKConfig
 .text.HAL_TIM_Base_Init
                0x08007d34       0xae ./Drivers/STM32G4xx_HAL_Driver/Src/stm32g4xx_hal_tim.o
                0x08007d34                HAL_TIM_Base_Init
 .text.HAL_TIM_Base_MspInit
                0x08007de2       0x14 ./Drivers/STM32G4xx_HAL_Driver/Src/stm32g4xx_hal_tim.o
                0x08007de2                HAL_TIM_Base_MspInit
 *fill*         0x08007df6        0x2 
 .text.HAL_TIM_Base_Start
                0x08007df8       0xc4 ./Drivers/STM32G4xx_HAL_Driver/Src/stm32g4xx_hal_tim.o
                0x08007df8                HAL_TIM_Base_Start
 .text.HAL_TIM_Base_Start_IT
                0x08007ebc       0xd4 ./Drivers/STM32G4xx_HAL_Driver/Src/stm32g4xx_hal_tim.o
                0x08007ebc                HAL_TIM_Base_Start_IT
 .text.HAL_TIM_OC_Init
                0x08007f90       0xae ./Drivers/STM32G4xx_HAL_Driver/Src/stm32g4xx_hal_tim.o
                0x08007f90                HAL_TIM_OC_Init
 .text.HAL_TIM_PWM_Init
                0x0800803e       0xae ./Drivers/STM32G4xx_HAL_Driver/Src/stm32g4xx_hal_tim.o
                0x0800803e                HAL_TIM_PWM_Init
 .text.HAL_TIM_PWM_Start
                0x080080ec      0x200 ./Drivers/STM32G4xx_HAL_Driver/Src/stm32g4xx_hal_tim.o
                0x080080ec                HAL_TIM_PWM_Start
 .text.HAL_TIM_PWM_Stop
                0x080082ec      0x12c ./Drivers/STM32G4xx_HAL_Driver/Src/stm32g4xx_hal_tim.o
                0x080082ec                HAL_TIM_PWM_Stop
 .text.HAL_TIM_IRQHandler
                0x08008418      0x29e ./Drivers/STM32G4xx_HAL_Driver/Src/stm32g4xx_hal_tim.o
                0x08008418                HAL_TIM_IRQHandler
 *fill*         0x080086b6        0x2 
 .text.HAL_TIM_OC_ConfigChannel
                0x080086b8       0xf4 ./Drivers/STM32G4xx_HAL_Driver/Src/stm32g4xx_hal_tim.o
                0x080086b8                HAL_TIM_OC_ConfigChannel
 .text.HAL_TIM_PWM_ConfigChannel
                0x080087ac      0x228 ./Drivers/STM32G4xx_HAL_Driver/Src/stm32g4xx_hal_tim.o
                0x080087ac                HAL_TIM_PWM_ConfigChannel
 .text.HAL_TIM_OC_DelayElapsedCallback
                0x080089d4       0x14 ./Drivers/STM32G4xx_HAL_Driver/Src/stm32g4xx_hal_tim.o
                0x080089d4                HAL_TIM_OC_DelayElapsedCallback
 .text.HAL_TIM_IC_CaptureCallback
                0x080089e8       0x14 ./Drivers/STM32G4xx_HAL_Driver/Src/stm32g4xx_hal_tim.o
                0x080089e8                HAL_TIM_IC_CaptureCallback
 .text.HAL_TIM_PWM_PulseFinishedCallback
                0x080089fc       0x14 ./Drivers/STM32G4xx_HAL_Driver/Src/stm32g4xx_hal_tim.o
                0x080089fc                HAL_TIM_PWM_PulseFinishedCallback
 .text.HAL_TIM_TriggerCallback
                0x08008a10       0x14 ./Drivers/STM32G4xx_HAL_Driver/Src/stm32g4xx_hal_tim.o
                0x08008a10                HAL_TIM_TriggerCallback
 .text.TIM_Base_SetConfig
                0x08008a24      0x138 ./Drivers/STM32G4xx_HAL_Driver/Src/stm32g4xx_hal_tim.o
                0x08008a24                TIM_Base_SetConfig
 .text.TIM_OC1_SetConfig
                0x08008b5c      0x120 ./Drivers/STM32G4xx_HAL_Driver/Src/stm32g4xx_hal_tim.o
 .text.TIM_OC2_SetConfig
                0x08008c7c      0x114 ./Drivers/STM32G4xx_HAL_Driver/Src/stm32g4xx_hal_tim.o
                0x08008c7c                TIM_OC2_SetConfig
 .text.TIM_OC3_SetConfig
                0x08008d90      0x110 ./Drivers/STM32G4xx_HAL_Driver/Src/stm32g4xx_hal_tim.o
 .text.TIM_OC4_SetConfig
                0x08008ea0      0x114 ./Drivers/STM32G4xx_HAL_Driver/Src/stm32g4xx_hal_tim.o
 .text.TIM_OC5_SetConfig
                0x08008fb4       0xc8 ./Drivers/STM32G4xx_HAL_Driver/Src/stm32g4xx_hal_tim.o
 .text.TIM_OC6_SetConfig
                0x0800907c       0xcc ./Drivers/STM32G4xx_HAL_Driver/Src/stm32g4xx_hal_tim.o
 .text.TIM_CCxChannelCmd
                0x08009148       0x4a ./Drivers/STM32G4xx_HAL_Driver/Src/stm32g4xx_hal_tim.o
                0x08009148                TIM_CCxChannelCmd
 *fill*         0x08009192        0x2 
 .text.HAL_TIMEx_PWMN_Start
                0x08009194      0x168 ./Drivers/STM32G4xx_HAL_Driver/Src/stm32g4xx_hal_tim_ex.o
                0x08009194                HAL_TIMEx_PWMN_Start
 .text.HAL_TIMEx_PWMN_Stop
                0x080092fc       0xba ./Drivers/STM32G4xx_HAL_Driver/Src/stm32g4xx_hal_tim_ex.o
                0x080092fc                HAL_TIMEx_PWMN_Stop
 *fill*         0x080093b6        0x2 
 .text.HAL_TIMEx_MasterConfigSynchronization
                0x080093b8      0x104 ./Drivers/STM32G4xx_HAL_Driver/Src/stm32g4xx_hal_tim_ex.o
                0x080093b8                HAL_TIMEx_MasterConfigSynchronization
 .text.HAL_TIMEx_ConfigBreakDeadTime
                0x080094bc      0x118 ./Drivers/STM32G4xx_HAL_Driver/Src/stm32g4xx_hal_tim_ex.o
                0x080094bc                HAL_TIMEx_ConfigBreakDeadTime
 .text.HAL_TIMEx_EnableDeadTimePreload
                0x080095d4       0x26 ./Drivers/STM32G4xx_HAL_Driver/Src/stm32g4xx_hal_tim_ex.o
                0x080095d4                HAL_TIMEx_EnableDeadTimePreload
 .text.HAL_TIMEx_CommutCallback
                0x080095fa       0x14 ./Drivers/STM32G4xx_HAL_Driver/Src/stm32g4xx_hal_tim_ex.o
                0x080095fa                HAL_TIMEx_CommutCallback
 .text.HAL_TIMEx_BreakCallback
                0x0800960e       0x14 ./Drivers/STM32G4xx_HAL_Driver/Src/stm32g4xx_hal_tim_ex.o
                0x0800960e                HAL_TIMEx_BreakCallback
 .text.HAL_TIMEx_Break2Callback
                0x08009622       0x14 ./Drivers/STM32G4xx_HAL_Driver/Src/stm32g4xx_hal_tim_ex.o
                0x08009622                HAL_TIMEx_Break2Callback
 .text.HAL_TIMEx_EncoderIndexCallback
                0x08009636       0x14 ./Drivers/STM32G4xx_HAL_Driver/Src/stm32g4xx_hal_tim_ex.o
                0x08009636                HAL_TIMEx_EncoderIndexCallback
 .text.HAL_TIMEx_DirectionChangeCallback
                0x0800964a       0x14 ./Drivers/STM32G4xx_HAL_Driver/Src/stm32g4xx_hal_tim_ex.o
                0x0800964a                HAL_TIMEx_DirectionChangeCallback
 .text.HAL_TIMEx_IndexErrorCallback
                0x0800965e       0x14 ./Drivers/STM32G4xx_HAL_Driver/Src/stm32g4xx_hal_tim_ex.o
                0x0800965e                HAL_TIMEx_IndexErrorCallback
 .text.HAL_TIMEx_TransitionErrorCallback
                0x08009672       0x14 ./Drivers/STM32G4xx_HAL_Driver/Src/stm32g4xx_hal_tim_ex.o
                0x08009672                HAL_TIMEx_TransitionErrorCallback
 .text.TIM_CCxNChannelCmd
                0x08009686       0x4a ./Drivers/STM32G4xx_HAL_Driver/Src/stm32g4xx_hal_tim_ex.o
 .text.HAL_UART_Init
                0x080096d0       0xa0 ./Drivers/STM32G4xx_HAL_Driver/Src/stm32g4xx_hal_uart.o
                0x080096d0                HAL_UART_Init
 .text.HAL_UART_MspInit
                0x08009770       0x14 ./Drivers/STM32G4xx_HAL_Driver/Src/stm32g4xx_hal_uart.o
                0x08009770                HAL_UART_MspInit
 .text.UART_SetConfig
                0x08009784      0x598 ./Drivers/STM32G4xx_HAL_Driver/Src/stm32g4xx_hal_uart.o
                0x08009784                UART_SetConfig
 .text.UART_AdvFeatureConfig
                0x08009d1c      0x144 ./Drivers/STM32G4xx_HAL_Driver/Src/stm32g4xx_hal_uart.o
                0x08009d1c                UART_AdvFeatureConfig
 .text.UART_CheckIdleState
                0x08009e60      0x154 ./Drivers/STM32G4xx_HAL_Driver/Src/stm32g4xx_hal_uart.o
                0x08009e60                UART_CheckIdleState
 .text.UART_WaitOnFlagUntilTimeout
                0x08009fb4       0xda ./Drivers/STM32G4xx_HAL_Driver/Src/stm32g4xx_hal_uart.o
                0x08009fb4                UART_WaitOnFlagUntilTimeout
 .text.UART_EndRxTransfer
                0x0800a08e       0xcc ./Drivers/STM32G4xx_HAL_Driver/Src/stm32g4xx_hal_uart.o
 *fill*         0x0800a15a        0x2 
 .text.__NVIC_SetPriority
                0x0800a15c       0x54 ./Middlewares/Third_Party/FreeRTOS/Source/CMSIS_RTOS_V2/cmsis_os2.o
 .text.SysTick_Handler
                0x0800a1b0       0x20 ./Middlewares/Third_Party/FreeRTOS/Source/CMSIS_RTOS_V2/cmsis_os2.o
                0x0800a1b0                SysTick_Handler
 .text.SVC_Setup
                0x0800a1d0       0x12 ./Middlewares/Third_Party/FreeRTOS/Source/CMSIS_RTOS_V2/cmsis_os2.o
 *fill*         0x0800a1e2        0x2 
 .text.osKernelInitialize
                0x0800a1e4       0x48 ./Middlewares/Third_Party/FreeRTOS/Source/CMSIS_RTOS_V2/cmsis_os2.o
                0x0800a1e4                osKernelInitialize
 .text.osKernelStart
                0x0800a22c       0x4c ./Middlewares/Third_Party/FreeRTOS/Source/CMSIS_RTOS_V2/cmsis_os2.o
                0x0800a22c                osKernelStart
 .text.osKernelGetTickCount
                0x0800a278       0x2a ./Middlewares/Third_Party/FreeRTOS/Source/CMSIS_RTOS_V2/cmsis_os2.o
                0x0800a278                osKernelGetTickCount
 .text.osThreadNew
                0x0800a2a2      0x124 ./Middlewares/Third_Party/FreeRTOS/Source/CMSIS_RTOS_V2/cmsis_os2.o
                0x0800a2a2                osThreadNew
 .text.osThreadExit
                0x0800a3c6        0xe ./Middlewares/Third_Party/FreeRTOS/Source/CMSIS_RTOS_V2/cmsis_os2.o
                0x0800a3c6                osThreadExit
 .text.osDelay  0x0800a3d4       0x36 ./Middlewares/Third_Party/FreeRTOS/Source/CMSIS_RTOS_V2/cmsis_os2.o
                0x0800a3d4                osDelay
 .text.osDelayUntil
                0x0800a40a       0x5a ./Middlewares/Third_Party/FreeRTOS/Source/CMSIS_RTOS_V2/cmsis_os2.o
                0x0800a40a                osDelayUntil
 .text.vApplicationGetIdleTaskMemory
                0x0800a464       0x34 ./Middlewares/Third_Party/FreeRTOS/Source/CMSIS_RTOS_V2/cmsis_os2.o
                0x0800a464                vApplicationGetIdleTaskMemory
 .text.vApplicationGetTimerTaskMemory
                0x0800a498       0x34 ./Middlewares/Third_Party/FreeRTOS/Source/CMSIS_RTOS_V2/cmsis_os2.o
                0x0800a498                vApplicationGetTimerTaskMemory
 .text.vListInitialise
                0x0800a4cc       0x40 ./Middlewares/Third_Party/FreeRTOS/Source/list.o
                0x0800a4cc                vListInitialise
 .text.vListInitialiseItem
                0x0800a50c       0x1a ./Middlewares/Third_Party/FreeRTOS/Source/list.o
                0x0800a50c                vListInitialiseItem
 .text.vListInsertEnd
                0x0800a526       0x48 ./Middlewares/Third_Party/FreeRTOS/Source/list.o
                0x0800a526                vListInsertEnd
 .text.vListInsert
                0x0800a56e       0x72 ./Middlewares/Third_Party/FreeRTOS/Source/list.o
                0x0800a56e                vListInsert
 .text.uxListRemove
                0x0800a5e0       0x54 ./Middlewares/Third_Party/FreeRTOS/Source/list.o
                0x0800a5e0                uxListRemove
 .text.xQueueGenericReset
                0x0800a634       0xd4 ./Middlewares/Third_Party/FreeRTOS/Source/queue.o
                0x0800a634                xQueueGenericReset
 .text.xQueueGenericCreateStatic
                0x0800a708       0xfa ./Middlewares/Third_Party/FreeRTOS/Source/queue.o
                0x0800a708                xQueueGenericCreateStatic
 .text.prvInitialiseNewQueue
                0x0800a802       0x46 ./Middlewares/Third_Party/FreeRTOS/Source/queue.o
 .text.xQueueGenericSend
                0x0800a848      0x204 ./Middlewares/Third_Party/FreeRTOS/Source/queue.o
                0x0800a848                xQueueGenericSend
 .text.xQueueGenericSendFromISR
                0x0800aa4c      0x13c ./Middlewares/Third_Party/FreeRTOS/Source/queue.o
                0x0800aa4c                xQueueGenericSendFromISR
 .text.xQueueReceive
                0x0800ab88      0x1c4 ./Middlewares/Third_Party/FreeRTOS/Source/queue.o
                0x0800ab88                xQueueReceive
 .text.prvCopyDataToQueue
                0x0800ad4c       0xd4 ./Middlewares/Third_Party/FreeRTOS/Source/queue.o
 .text.prvCopyDataFromQueue
                0x0800ae20       0x4c ./Middlewares/Third_Party/FreeRTOS/Source/queue.o
 .text.prvUnlockQueue
                0x0800ae6c       0xa4 ./Middlewares/Third_Party/FreeRTOS/Source/queue.o
 .text.prvIsQueueEmpty
                0x0800af10       0x2c ./Middlewares/Third_Party/FreeRTOS/Source/queue.o
 .text.prvIsQueueFull
                0x0800af3c       0x30 ./Middlewares/Third_Party/FreeRTOS/Source/queue.o
 .text.vQueueAddToRegistry
                0x0800af6c       0x54 ./Middlewares/Third_Party/FreeRTOS/Source/queue.o
                0x0800af6c                vQueueAddToRegistry
 .text.vQueueWaitForMessageRestricted
                0x0800afc0       0x68 ./Middlewares/Third_Party/FreeRTOS/Source/queue.o
                0x0800afc0                vQueueWaitForMessageRestricted
 .text.xTaskCreateStatic
                0x0800b028       0xc0 ./Middlewares/Third_Party/FreeRTOS/Source/tasks.o
                0x0800b028                xTaskCreateStatic
 .text.xTaskCreate
                0x0800b0e8       0x8a ./Middlewares/Third_Party/FreeRTOS/Source/tasks.o
                0x0800b0e8                xTaskCreate
 *fill*         0x0800b172        0x2 
 .text.prvInitialiseNewTask
                0x0800b174      0x150 ./Middlewares/Third_Party/FreeRTOS/Source/tasks.o
 .text.prvAddNewTaskToReadyList
                0x0800b2c4       0xe0 ./Middlewares/Third_Party/FreeRTOS/Source/tasks.o
 .text.vTaskDelete
                0x0800b3a4       0xe8 ./Middlewares/Third_Party/FreeRTOS/Source/tasks.o
                0x0800b3a4                vTaskDelete
 .text.vTaskDelayUntil
                0x0800b48c      0x100 ./Middlewares/Third_Party/FreeRTOS/Source/tasks.o
                0x0800b48c                vTaskDelayUntil
 .text.vTaskDelay
                0x0800b58c       0x6c ./Middlewares/Third_Party/FreeRTOS/Source/tasks.o
                0x0800b58c                vTaskDelay
 .text.vTaskStartScheduler
                0x0800b5f8       0xe0 ./Middlewares/Third_Party/FreeRTOS/Source/tasks.o
                0x0800b5f8                vTaskStartScheduler
 .text.vTaskSuspendAll
                0x0800b6d8       0x1c ./Middlewares/Third_Party/FreeRTOS/Source/tasks.o
                0x0800b6d8                vTaskSuspendAll
 .text.xTaskResumeAll
                0x0800b6f4      0x13c ./Middlewares/Third_Party/FreeRTOS/Source/tasks.o
                0x0800b6f4                xTaskResumeAll
 .text.xTaskGetTickCount
                0x0800b830       0x20 ./Middlewares/Third_Party/FreeRTOS/Source/tasks.o
                0x0800b830                xTaskGetTickCount
 .text.xTaskGetTickCountFromISR
                0x0800b850       0x24 ./Middlewares/Third_Party/FreeRTOS/Source/tasks.o
                0x0800b850                xTaskGetTickCountFromISR
 .text.xTaskIncrementTick
                0x0800b874      0x174 ./Middlewares/Third_Party/FreeRTOS/Source/tasks.o
                0x0800b874                xTaskIncrementTick
 .text.vTaskSwitchContext
                0x0800b9e8       0xcc ./Middlewares/Third_Party/FreeRTOS/Source/tasks.o
                0x0800b9e8                vTaskSwitchContext
 .text.vTaskPlaceOnEventList
                0x0800bab4       0x4c ./Middlewares/Third_Party/FreeRTOS/Source/tasks.o
                0x0800bab4                vTaskPlaceOnEventList
 .text.vTaskPlaceOnEventListRestricted
                0x0800bb00       0x58 ./Middlewares/Third_Party/FreeRTOS/Source/tasks.o
                0x0800bb00                vTaskPlaceOnEventListRestricted
 .text.xTaskRemoveFromEventList
                0x0800bb58       0xc8 ./Middlewares/Third_Party/FreeRTOS/Source/tasks.o
                0x0800bb58                xTaskRemoveFromEventList
 .text.vTaskInternalSetTimeOutState
                0x0800bc20       0x2c ./Middlewares/Third_Party/FreeRTOS/Source/tasks.o
                0x0800bc20                vTaskInternalSetTimeOutState
 .text.xTaskCheckForTimeOut
                0x0800bc4c       0xc8 ./Middlewares/Third_Party/FreeRTOS/Source/tasks.o
                0x0800bc4c                xTaskCheckForTimeOut
 .text.vTaskMissedYield
                0x0800bd14       0x18 ./Middlewares/Third_Party/FreeRTOS/Source/tasks.o
                0x0800bd14                vTaskMissedYield
 .text.prvIdleTask
                0x0800bd2c       0x30 ./Middlewares/Third_Party/FreeRTOS/Source/tasks.o
 .text.prvInitialiseTaskLists
                0x0800bd5c       0x80 ./Middlewares/Third_Party/FreeRTOS/Source/tasks.o
 .text.prvCheckTasksWaitingTermination
                0x0800bddc       0x5c ./Middlewares/Third_Party/FreeRTOS/Source/tasks.o
 .text.prvDeleteTCB
                0x0800be38       0x6a ./Middlewares/Third_Party/FreeRTOS/Source/tasks.o
 *fill*         0x0800bea2        0x2 
 .text.prvResetNextTaskUnblockTime
                0x0800bea4       0x40 ./Middlewares/Third_Party/FreeRTOS/Source/tasks.o
 .text.xTaskGetSchedulerState
                0x0800bee4       0x3c ./Middlewares/Third_Party/FreeRTOS/Source/tasks.o
                0x0800bee4                xTaskGetSchedulerState
 .text.xTaskPriorityDisinherit
                0x0800bf20       0xe0 ./Middlewares/Third_Party/FreeRTOS/Source/tasks.o
                0x0800bf20                xTaskPriorityDisinherit
 .text.prvAddCurrentTaskToDelayedList
                0x0800c000       0xa8 ./Middlewares/Third_Party/FreeRTOS/Source/tasks.o
 .text.xTimerCreateTimerTask
                0x0800c0a8       0x94 ./Middlewares/Third_Party/FreeRTOS/Source/timers.o
                0x0800c0a8                xTimerCreateTimerTask
 .text.xTimerGenericCommand
                0x0800c13c       0x9c ./Middlewares/Third_Party/FreeRTOS/Source/timers.o
                0x0800c13c                xTimerGenericCommand
 .text.prvProcessExpiredTimer
                0x0800c1d8       0x9c ./Middlewares/Third_Party/FreeRTOS/Source/timers.o
 .text.prvTimerTask
                0x0800c274       0x26 ./Middlewares/Third_Party/FreeRTOS/Source/timers.o
 *fill*         0x0800c29a        0x2 
 .text.prvProcessTimerOrBlockTask
                0x0800c29c       0x9c ./Middlewares/Third_Party/FreeRTOS/Source/timers.o
 .text.prvGetNextExpireTime
                0x0800c338       0x48 ./Middlewares/Third_Party/FreeRTOS/Source/timers.o
 .text.prvSampleTimeNow
                0x0800c380       0x40 ./Middlewares/Third_Party/FreeRTOS/Source/timers.o
 .text.prvInsertTimerInActiveList
                0x0800c3c0       0x84 ./Middlewares/Third_Party/FreeRTOS/Source/timers.o
 .text.prvProcessReceivedCommands
                0x0800c444      0x1cc ./Middlewares/Third_Party/FreeRTOS/Source/timers.o
 .text.prvSwitchTimerLists
                0x0800c610       0xcc ./Middlewares/Third_Party/FreeRTOS/Source/timers.o
 .text.prvCheckForValidListAndQueue
                0x0800c6dc       0x80 ./Middlewares/Third_Party/FreeRTOS/Source/timers.o
 .text.pxPortInitialiseStack
                0x0800c75c       0x68 ./Middlewares/Third_Party/FreeRTOS/Source/portable/GCC/ARM_CM4F/port.o
                0x0800c75c                pxPortInitialiseStack
 .text.prvTaskExitError
                0x0800c7c4       0x5c ./Middlewares/Third_Party/FreeRTOS/Source/portable/GCC/ARM_CM4F/port.o
 .text.SVC_Handler
                0x0800c820       0x28 ./Middlewares/Third_Party/FreeRTOS/Source/portable/GCC/ARM_CM4F/port.o
                0x0800c820                SVC_Handler
 .text.prvPortStartFirstTask
                0x0800c848       0x28 ./Middlewares/Third_Party/FreeRTOS/Source/portable/GCC/ARM_CM4F/port.o
 .text.xPortStartScheduler
                0x0800c870      0x148 ./Middlewares/Third_Party/FreeRTOS/Source/portable/GCC/ARM_CM4F/port.o
                0x0800c870                xPortStartScheduler
 .text.vPortEnterCritical
                0x0800c9b8       0x64 ./Middlewares/Third_Party/FreeRTOS/Source/portable/GCC/ARM_CM4F/port.o
                0x0800c9b8                vPortEnterCritical
 .text.vPortExitCritical
                0x0800ca1c       0x54 ./Middlewares/Third_Party/FreeRTOS/Source/portable/GCC/ARM_CM4F/port.o
                0x0800ca1c                vPortExitCritical
 .text.PendSV_Handler
                0x0800ca70       0x68 ./Middlewares/Third_Party/FreeRTOS/Source/portable/GCC/ARM_CM4F/port.o
                0x0800ca70                PendSV_Handler
 .text.xPortSysTickHandler
                0x0800cad8       0x44 ./Middlewares/Third_Party/FreeRTOS/Source/portable/GCC/ARM_CM4F/port.o
                0x0800cad8                xPortSysTickHandler
 .text.vPortSetupTimerInterrupt
                0x0800cb1c       0x48 ./Middlewares/Third_Party/FreeRTOS/Source/portable/GCC/ARM_CM4F/port.o
                0x0800cb1c                vPortSetupTimerInterrupt
 .text.vPortEnableVFP
                0x0800cb64       0x14 ./Middlewares/Third_Party/FreeRTOS/Source/portable/GCC/ARM_CM4F/port.o
 .text.vPortValidateInterruptPriority
                0x0800cb78       0x84 ./Middlewares/Third_Party/FreeRTOS/Source/portable/GCC/ARM_CM4F/port.o
                0x0800cb78                vPortValidateInterruptPriority
 .text.pvPortMalloc
                0x0800cbfc      0x19c ./Middlewares/Third_Party/FreeRTOS/Source/portable/MemMang/heap_4.o
                0x0800cbfc                pvPortMalloc
 .text.vPortFree
                0x0800cd98       0xc8 ./Middlewares/Third_Party/FreeRTOS/Source/portable/MemMang/heap_4.o
                0x0800cd98                vPortFree
 .text.prvHeapInit
                0x0800ce60       0xc4 ./Middlewares/Third_Party/FreeRTOS/Source/portable/MemMang/heap_4.o
 .text.prvInsertBlockIntoFreeList
                0x0800cf24       0xb4 ./Middlewares/Third_Party/FreeRTOS/Source/portable/MemMang/heap_4.o
 .text.memset   0x0800cfd8       0x10 C:/ST/STM32CubeIDE_1.18.1/STM32CubeIDE/plugins/com.st.stm32cube.ide.mcu.externaltools.gnu-tools-for-stm32.13.3.rel1.win32_1.0.0.202411081344/tools/bin/../lib/gcc/arm-none-eabi/13.3.1/../../../../arm-none-eabi/lib/thumb/v7e-m+fp/hard\libc_nano.a(libc_a-memset.o)
                0x0800cfd8                memset
 .text._reclaim_reent
                0x0800cfe8       0xbc C:/ST/STM32CubeIDE_1.18.1/STM32CubeIDE/plugins/com.st.stm32cube.ide.mcu.externaltools.gnu-tools-for-stm32.13.3.rel1.win32_1.0.0.202411081344/tools/bin/../lib/gcc/arm-none-eabi/13.3.1/../../../../arm-none-eabi/lib/thumb/v7e-m+fp/hard\libc_nano.a(libc_a-reent.o)
                0x0800cfe8                _reclaim_reent
 .text.__errno  0x0800d0a4        0xc C:/ST/STM32CubeIDE_1.18.1/STM32CubeIDE/plugins/com.st.stm32cube.ide.mcu.externaltools.gnu-tools-for-stm32.13.3.rel1.win32_1.0.0.202411081344/tools/bin/../lib/gcc/arm-none-eabi/13.3.1/../../../../arm-none-eabi/lib/thumb/v7e-m+fp/hard\libc_nano.a(libc_a-errno.o)
                0x0800d0a4                __errno
 .text.__libc_init_array
                0x0800d0b0       0x48 C:/ST/STM32CubeIDE_1.18.1/STM32CubeIDE/plugins/com.st.stm32cube.ide.mcu.externaltools.gnu-tools-for-stm32.13.3.rel1.win32_1.0.0.202411081344/tools/bin/../lib/gcc/arm-none-eabi/13.3.1/../../../../arm-none-eabi/lib/thumb/v7e-m+fp/hard\libc_nano.a(libc_a-init.o)
                0x0800d0b0                __libc_init_array
 .text.__retarget_lock_acquire_recursive
                0x0800d0f8        0x2 C:/ST/STM32CubeIDE_1.18.1/STM32CubeIDE/plugins/com.st.stm32cube.ide.mcu.externaltools.gnu-tools-for-stm32.13.3.rel1.win32_1.0.0.202411081344/tools/bin/../lib/gcc/arm-none-eabi/13.3.1/../../../../arm-none-eabi/lib/thumb/v7e-m+fp/hard\libc_nano.a(libc_a-lock.o)
                0x0800d0f8                __retarget_lock_acquire_recursive
 .text.__retarget_lock_release_recursive
                0x0800d0fa        0x2 C:/ST/STM32CubeIDE_1.18.1/STM32CubeIDE/plugins/com.st.stm32cube.ide.mcu.externaltools.gnu-tools-for-stm32.13.3.rel1.win32_1.0.0.202411081344/tools/bin/../lib/gcc/arm-none-eabi/13.3.1/../../../../arm-none-eabi/lib/thumb/v7e-m+fp/hard\libc_nano.a(libc_a-lock.o)
                0x0800d0fa                __retarget_lock_release_recursive
 .text.memcpy   0x0800d0fc       0x1c C:/ST/STM32CubeIDE_1.18.1/STM32CubeIDE/plugins/com.st.stm32cube.ide.mcu.externaltools.gnu-tools-for-stm32.13.3.rel1.win32_1.0.0.202411081344/tools/bin/../lib/gcc/arm-none-eabi/13.3.1/../../../../arm-none-eabi/lib/thumb/v7e-m+fp/hard\libc_nano.a(libc_a-memcpy-stub.o)
                0x0800d0fc                memcpy
 .text._free_r  0x0800d118       0x94 C:/ST/STM32CubeIDE_1.18.1/STM32CubeIDE/plugins/com.st.stm32cube.ide.mcu.externaltools.gnu-tools-for-stm32.13.3.rel1.win32_1.0.0.202411081344/tools/bin/../lib/gcc/arm-none-eabi/13.3.1/../../../../arm-none-eabi/lib/thumb/v7e-m+fp/hard\libc_nano.a(libc_a-freer.o)
                0x0800d118                _free_r
 .text.__malloc_lock
                0x0800d1ac        0xc C:/ST/STM32CubeIDE_1.18.1/STM32CubeIDE/plugins/com.st.stm32cube.ide.mcu.externaltools.gnu-tools-for-stm32.13.3.rel1.win32_1.0.0.202411081344/tools/bin/../lib/gcc/arm-none-eabi/13.3.1/../../../../arm-none-eabi/lib/thumb/v7e-m+fp/hard\libc_nano.a(libc_a-mlock.o)
                0x0800d1ac                __malloc_lock
 .text.__malloc_unlock
                0x0800d1b8        0xc C:/ST/STM32CubeIDE_1.18.1/STM32CubeIDE/plugins/com.st.stm32cube.ide.mcu.externaltools.gnu-tools-for-stm32.13.3.rel1.win32_1.0.0.202411081344/tools/bin/../lib/gcc/arm-none-eabi/13.3.1/../../../../arm-none-eabi/lib/thumb/v7e-m+fp/hard\libc_nano.a(libc_a-mlock.o)
                0x0800d1b8                __malloc_unlock
 .text.sqrtf    0x0800d1c4       0x3c C:/ST/STM32CubeIDE_1.18.1/STM32CubeIDE/plugins/com.st.stm32cube.ide.mcu.externaltools.gnu-tools-for-stm32.13.3.rel1.win32_1.0.0.202411081344/tools/bin/../lib/gcc/arm-none-eabi/13.3.1/../../../../arm-none-eabi/lib/thumb/v7e-m+fp/hard\libm.a(libm_a-wf_sqrt.o)
                0x0800d1c4                sqrtf
 .text.__ieee754_sqrtf
                0x0800d200        0x6 C:/ST/STM32CubeIDE_1.18.1/STM32CubeIDE/plugins/com.st.stm32cube.ide.mcu.externaltools.gnu-tools-for-stm32.13.3.rel1.win32_1.0.0.202411081344/tools/bin/../lib/gcc/arm-none-eabi/13.3.1/../../../../arm-none-eabi/lib/thumb/v7e-m+fp/hard\libm.a(libm_a-ef_sqrt.o)
                0x0800d200                __ieee754_sqrtf
 *(.glue_7)
 .glue_7        0x0800d206        0x0 linker stubs
 *(.glue_7t)
 .glue_7t       0x0800d206        0x0 linker stubs
 *(.eh_frame)
 *fill*         0x0800d206        0x2 
 .eh_frame      0x0800d208        0x0 C:/ST/STM32CubeIDE_1.18.1/STM32CubeIDE/plugins/com.st.stm32cube.ide.mcu.externaltools.gnu-tools-for-stm32.13.3.rel1.win32_1.0.0.202411081344/tools/bin/../lib/gcc/arm-none-eabi/13.3.1/thumb/v7e-m+fp/hard/crtbegin.o
 *(.init)
 .init          0x0800d208        0x4 C:/ST/STM32CubeIDE_1.18.1/STM32CubeIDE/plugins/com.st.stm32cube.ide.mcu.externaltools.gnu-tools-for-stm32.13.3.rel1.win32_1.0.0.202411081344/tools/bin/../lib/gcc/arm-none-eabi/13.3.1/thumb/v7e-m+fp/hard/crti.o
                0x0800d208                _init
 .init          0x0800d20c        0x8 C:/ST/STM32CubeIDE_1.18.1/STM32CubeIDE/plugins/com.st.stm32cube.ide.mcu.externaltools.gnu-tools-for-stm32.13.3.rel1.win32_1.0.0.202411081344/tools/bin/../lib/gcc/arm-none-eabi/13.3.1/thumb/v7e-m+fp/hard/crtn.o
 *(.fini)
 .fini          0x0800d214        0x4 C:/ST/STM32CubeIDE_1.18.1/STM32CubeIDE/plugins/com.st.stm32cube.ide.mcu.externaltools.gnu-tools-for-stm32.13.3.rel1.win32_1.0.0.202411081344/tools/bin/../lib/gcc/arm-none-eabi/13.3.1/thumb/v7e-m+fp/hard/crti.o
                0x0800d214                _fini
 .fini          0x0800d218        0x8 C:/ST/STM32CubeIDE_1.18.1/STM32CubeIDE/plugins/com.st.stm32cube.ide.mcu.externaltools.gnu-tools-for-stm32.13.3.rel1.win32_1.0.0.202411081344/tools/bin/../lib/gcc/arm-none-eabi/13.3.1/thumb/v7e-m+fp/hard/crtn.o
                0x0800d220                        . = ALIGN (0x4)
                0x0800d220                        _etext = .

.vfp11_veneer   0x0800d220        0x0
 .vfp11_veneer  0x0800d220        0x0 linker stubs

.v4_bx          0x0800d220        0x0
 .v4_bx         0x0800d220        0x0 linker stubs

.iplt           0x0800d220        0x0
 .iplt          0x0800d220        0x0 C:/ST/STM32CubeIDE_1.18.1/STM32CubeIDE/plugins/com.st.stm32cube.ide.mcu.externaltools.gnu-tools-for-stm32.13.3.rel1.win32_1.0.0.202411081344/tools/bin/../lib/gcc/arm-none-eabi/13.3.1/thumb/v7e-m+fp/hard/crtbegin.o

.rodata         0x0800d220      0x124
                0x0800d220                        . = ALIGN (0x4)
 *(.rodata)
 .rodata        0x0800d220       0x16 ./Core/Src/app_freertos.o
 *fill*         0x0800d236        0x2 
 .rodata        0x0800d238        0x5 ./Middlewares/Third_Party/FreeRTOS/Source/tasks.o
 *fill*         0x0800d23d        0x3 
 .rodata        0x0800d240        0xd ./Middlewares/Third_Party/FreeRTOS/Source/timers.o
 *(.rodata*)
 *fill*         0x0800d24d        0x3 
 .rodata.defaultTask_attributes
                0x0800d250       0x24 ./Core/Src/app_freertos.o
                0x0800d250                defaultTask_attributes
 .rodata.motorTask_attributes
                0x0800d274       0x24 ./Core/Src/app_freertos.o
                0x0800d274                motorTask_attributes
 .rodata.AHBPrescTable
                0x0800d298       0x10 ./Core/Src/system_stm32g4xx.o
                0x0800d298                AHBPrescTable
 .rodata.APBPrescTable
                0x0800d2a8        0x8 ./Core/Src/system_stm32g4xx.o
                0x0800d2a8                APBPrescTable
 .rodata.hall_seq_ccw
                0x0800d2b0        0x8 ./Core/Src/motor/basic.o
                0x0800d2b0                hall_seq_ccw
 .rodata.hall_seq_clw
                0x0800d2b8        0x8 ./Core/Src/motor/basic.o
                0x0800d2b8                hall_seq_clw
 .rodata.seq_map_120
                0x0800d2c0       0x12 ./Core/Src/motor/ctrl_deg.o
 *fill*         0x0800d2d2        0x2 
 .rodata.index_120_ccw
                0x0800d2d4        0x8 ./Core/Src/motor/ctrl_deg.o
 .rodata.seq_map_180
                0x0800d2dc       0x12 ./Core/Src/motor/ctrl_deg.o
 *fill*         0x0800d2ee        0x2 
 .rodata.index_180
                0x0800d2f0        0x8 ./Core/Src/motor/ctrl_deg.o
 .rodata.hall_elec_angle
                0x0800d2f8       0x20 ./Core/Src/motor/ctrl_foc.o
 .rodata.BUTTON_EXTI_LINE.2
                0x0800d318        0x4 ./Drivers/BSP/STM32G4xx_Nucleo/stm32g4xx_nucleo.o
 .rodata.DLCtoBytes
                0x0800d31c       0x10 ./Drivers/STM32G4xx_HAL_Driver/Src/stm32g4xx_hal_fdcan.o
 .rodata.UARTPrescTable
                0x0800d32c       0x18 ./Drivers/STM32G4xx_HAL_Driver/Src/stm32g4xx_hal_uart.o
                0x0800d32c                UARTPrescTable
                0x0800d344                        . = ALIGN (0x4)

.ARM.extab      0x0800d344        0x0
                0x0800d344                        . = ALIGN (0x4)
 *(.ARM.extab* .gnu.linkonce.armextab.*)
                0x0800d344                        . = ALIGN (0x4)

.ARM            0x0800d344        0x8
                0x0800d344                        . = ALIGN (0x4)
                0x0800d344                        __exidx_start = .
 *(.ARM.exidx*)
 .ARM.exidx     0x0800d344        0x8 C:/ST/STM32CubeIDE_1.18.1/STM32CubeIDE/plugins/com.st.stm32cube.ide.mcu.externaltools.gnu-tools-for-stm32.13.3.rel1.win32_1.0.0.202411081344/tools/bin/../lib/gcc/arm-none-eabi/13.3.1/thumb/v7e-m+fp/hard\libgcc.a(_udivmoddi4.o)
                0x0800d34c                        __exidx_end = .
                0x0800d34c                        . = ALIGN (0x4)

.preinit_array  0x0800d34c        0x0
                0x0800d34c                        . = ALIGN (0x4)
                0x0800d34c                        PROVIDE (__preinit_array_start = .)
 *(.preinit_array*)
                0x0800d34c                        PROVIDE (__preinit_array_end = .)
                0x0800d34c                        . = ALIGN (0x4)

.init_array     0x0800d34c        0x4
                0x0800d34c                        . = ALIGN (0x4)
                0x0800d34c                        PROVIDE (__init_array_start = .)
 *(SORT_BY_NAME(.init_array.*))
 *(.init_array*)
 .init_array    0x0800d34c        0x4 C:/ST/STM32CubeIDE_1.18.1/STM32CubeIDE/plugins/com.st.stm32cube.ide.mcu.externaltools.gnu-tools-for-stm32.13.3.rel1.win32_1.0.0.202411081344/tools/bin/../lib/gcc/arm-none-eabi/13.3.1/thumb/v7e-m+fp/hard/crtbegin.o
                0x0800d350                        PROVIDE (__init_array_end = .)
                0x0800d350                        . = ALIGN (0x4)

.fini_array     0x0800d350        0x4
                0x0800d350                        . = ALIGN (0x4)
                [!provide]                        PROVIDE (__fini_array_start = .)
 *(SORT_BY_NAME(.fini_array.*))
 *(.fini_array*)
 .fini_array    0x0800d350        0x4 C:/ST/STM32CubeIDE_1.18.1/STM32CubeIDE/plugins/com.st.stm32cube.ide.mcu.externaltools.gnu-tools-for-stm32.13.3.rel1.win32_1.0.0.202411081344/tools/bin/../lib/gcc/arm-none-eabi/13.3.1/thumb/v7e-m+fp/hard/crtbegin.o
                [!provide]                        PROVIDE (__fini_array_end = .)
                0x0800d354                        . = ALIGN (0x4)
                0x0800d354                        _sidata = LOADADDR (.data)

.rel.dyn        0x0800d354        0x0
 .rel.iplt      0x0800d354        0x0 C:/ST/STM32CubeIDE_1.18.1/STM32CubeIDE/plugins/com.st.stm32cube.ide.mcu.externaltools.gnu-tools-for-stm32.13.3.rel1.win32_1.0.0.202411081344/tools/bin/../lib/gcc/arm-none-eabi/13.3.1/thumb/v7e-m+fp/hard/crtbegin.o

.data           0x20000000      0x2f8 load address 0x0800d354
                0x20000000                        . = ALIGN (0x4)
                0x20000000                        _sdata = .
 *(.data)
 *(.data*)
 .data.SystemCoreClock
                0x20000000        0x4 ./Core/Src/system_stm32g4xx.o
                0x20000000                SystemCoreClock
 .data.adc_0    0x20000004       0x18 ./Core/Src/analog/adc1/basic.o
                0x20000004                adc_0
 .data.adc_1    0x2000001c       0x18 ./Core/Src/analog/adc1/basic.o
                0x2000001c                adc_1
 .data.adc_2    0x20000034       0x18 ./Core/Src/analog/adc1/basic.o
                0x20000034                adc_2
 .data.fdcan_recv_pkt_buf
                0x2000004c       0x10 ./Core/Src/connectivity/fdcan/basic.o
                0x2000004c                fdcan_recv_pkt_buf
 .data.motor_h  0x2000005c      0x1f4 ./Core/Src/motor/basic.o
                0x2000005c                motor_h
 .data.cordic_cfg_sin_cos
                0x20000250       0x1c ./Core/Src/motor/trigonometric.o
 .data.cordic_cfg_atan
                0x2000026c       0x1c ./Core/Src/motor/trigonometric.o
 .data.LED_PORT
                0x20000288        0x4 ./Drivers/BSP/STM32G4xx_Nucleo/stm32g4xx_nucleo.o
 .data.BUTTON_PORT
                0x2000028c        0x4 ./Drivers/BSP/STM32G4xx_Nucleo/stm32g4xx_nucleo.o
 .data.COM_USART
                0x20000290        0x4 ./Drivers/BSP/STM32G4xx_Nucleo/stm32g4xx_nucleo.o
 .data.ButtonCallback.1
                0x20000294        0x4 ./Drivers/BSP/STM32G4xx_Nucleo/stm32g4xx_nucleo.o
 .data.BSP_BUTTON_PRIO.0
                0x20000298        0x4 ./Drivers/BSP/STM32G4xx_Nucleo/stm32g4xx_nucleo.o
 .data.uwTickPrio
                0x2000029c        0x4 ./Drivers/STM32G4xx_HAL_Driver/Src/stm32g4xx_hal.o
                0x2000029c                uwTickPrio
 .data.uwTickFreq
                0x200002a0        0x4 ./Drivers/STM32G4xx_HAL_Driver/Src/stm32g4xx_hal.o
                0x200002a0                uwTickFreq
 .data.uxCriticalNesting
                0x200002a4        0x4 ./Middlewares/Third_Party/FreeRTOS/Source/portable/GCC/ARM_CM4F/port.o
 .data._impure_ptr
                0x200002a8        0x4 C:/ST/STM32CubeIDE_1.18.1/STM32CubeIDE/plugins/com.st.stm32cube.ide.mcu.externaltools.gnu-tools-for-stm32.13.3.rel1.win32_1.0.0.202411081344/tools/bin/../lib/gcc/arm-none-eabi/13.3.1/../../../../arm-none-eabi/lib/thumb/v7e-m+fp/hard\libc_nano.a(libc_a-impure.o)
                0x200002a8                _impure_ptr
 .data._impure_data
                0x200002ac       0x4c C:/ST/STM32CubeIDE_1.18.1/STM32CubeIDE/plugins/com.st.stm32cube.ide.mcu.externaltools.gnu-tools-for-stm32.13.3.rel1.win32_1.0.0.202411081344/tools/bin/../lib/gcc/arm-none-eabi/13.3.1/../../../../arm-none-eabi/lib/thumb/v7e-m+fp/hard\libc_nano.a(libc_a-impure.o)
                0x200002ac                _impure_data
 *(.RamFunc)
 *(.RamFunc*)
                0x200002f8                        . = ALIGN (0x4)
                0x200002f8                        _edata = .

.igot.plt       0x200002f8        0x0 load address 0x0800d64c
 .igot.plt      0x200002f8        0x0 C:/ST/STM32CubeIDE_1.18.1/STM32CubeIDE/plugins/com.st.stm32cube.ide.mcu.externaltools.gnu-tools-for-stm32.13.3.rel1.win32_1.0.0.202411081344/tools/bin/../lib/gcc/arm-none-eabi/13.3.1/thumb/v7e-m+fp/hard/crtbegin.o
                0x200002f8                        . = ALIGN (0x4)

.bss            0x200002f8     0x2254 load address 0x0800d64c
                0x200002f8                        _sbss = .
                0x200002f8                        __bss_start__ = _sbss
 *(.bss)
 .bss           0x200002f8       0x1c C:/ST/STM32CubeIDE_1.18.1/STM32CubeIDE/plugins/com.st.stm32cube.ide.mcu.externaltools.gnu-tools-for-stm32.13.3.rel1.win32_1.0.0.202411081344/tools/bin/../lib/gcc/arm-none-eabi/13.3.1/thumb/v7e-m+fp/hard/crtbegin.o
 *(.bss*)
 .bss.hadc1     0x20000314       0x6c ./Core/Src/adc.o
                0x20000314                hadc1
 .bss.defaultTaskHandle
                0x20000380        0x4 ./Core/Src/app_freertos.o
                0x20000380                defaultTaskHandle
 .bss.motorTaskHandle
                0x20000384        0x4 ./Core/Src/app_freertos.o
                0x20000384                motorTaskHandle
 .bss.hcordic   0x20000388       0x28 ./Core/Src/cordic.o
                0x20000388                hcordic
 .bss.hdma_cordic_read
                0x200003b0       0x60 ./Core/Src/cordic.o
                0x200003b0                hdma_cordic_read
 .bss.hdma_cordic_write
                0x20000410       0x60 ./Core/Src/cordic.o
                0x20000410                hdma_cordic_write
 .bss.hfdcan1   0x20000470       0x64 ./Core/Src/fdcan.o
                0x20000470                hfdcan1
 .bss.BspCOMInit
                0x200004d4       0x10 ./Core/Src/main.o
                0x200004d4                BspCOMInit
 .bss.htim6     0x200004e4       0x4c ./Core/Src/stm32g4xx_hal_timebase_tim.o
                0x200004e4                htim6
 .bss.htim1     0x20000530       0x4c ./Core/Src/tim.o
                0x20000530                htim1
 .bss.htim2     0x2000057c       0x4c ./Core/Src/tim.o
                0x2000057c                htim2
 .bss.htim3     0x200005c8       0x4c ./Core/Src/tim.o
                0x200005c8                htim3
 .bss.fdcan_pkt_pool
                0x20000614      0x288 ./Core/Src/connectivity/fdcan/basic.o
                0x20000614                fdcan_pkt_pool
 .bss.fdcan_bus_off
                0x2000089c        0x1 ./Core/Src/connectivity/fdcan/basic.o
                0x2000089c                fdcan_bus_off
 .bss.fdacn_data_store
                0x2000089d        0x1 ./Core/Src/connectivity/fdcan/basic.o
                0x2000089d                fdacn_data_store
 *fill*         0x2000089e        0x2 
 .bss.recv_pkt_buf
                0x200008a0       0x28 ./Core/Src/connectivity/fdcan/basic.o
 .bss.RxHeader0
                0x200008c8       0x28 ./Core/Src/connectivity/fdcan/callback.o
                0x200008c8                RxHeader0
 .bss.last_error
                0x200008f0        0x1 ./Core/Src/main/fn_state.o
                0x200008f0                last_error
 *fill*         0x200008f1        0x3 
 .bss.defalt_running
                0x200008f4        0x4 ./Core/Src/main/main.o
                0x200008f4                defalt_running
 .bss.tim_clk_APB1
                0x200008f8        0x4 ./Core/Src/main/tim.o
                0x200008f8                tim_clk_APB1
 .bss.tim_clk_APB2
                0x200008fc        0x4 ./Core/Src/main/tim.o
                0x200008fc                tim_clk_APB2
 .bss.current_zero
                0x20000900        0x4 ./Core/Src/motor/ctrl_foc.o
                0x20000900                current_zero
 .bss.sec_chk   0x20000904       0x78 ./Core/Src/motor/ctrl_foc.o
                0x20000904                sec_chk
 .bss.chk_cnt   0x2000097c        0x1 ./Core/Src/motor/ctrl_foc.o
                0x2000097c                chk_cnt
 .bss.sec_mem   0x2000097d        0x1 ./Core/Src/motor/ctrl_foc.o
                0x2000097d                sec_mem
 *fill*         0x2000097e        0x2 
 .bss.cordic_currunt
                0x20000980        0x4 ./Core/Src/motor/trigonometric.o
 .bss.hpb_exti  0x20000984        0x8 ./Drivers/BSP/STM32G4xx_Nucleo/stm32g4xx_nucleo.o
                0x20000984                hpb_exti
 .bss.hcom_uart
                0x2000098c       0x94 ./Drivers/BSP/STM32G4xx_Nucleo/stm32g4xx_nucleo.o
                0x2000098c                hcom_uart
 .bss.uwTick    0x20000a20        0x4 ./Drivers/STM32G4xx_HAL_Driver/Src/stm32g4xx_hal.o
                0x20000a20                uwTick
 .bss.KernelState
                0x20000a24        0x4 ./Middlewares/Third_Party/FreeRTOS/Source/CMSIS_RTOS_V2/cmsis_os2.o
 .bss.Idle_TCB.3
                0x20000a28       0xa8 ./Middlewares/Third_Party/FreeRTOS/Source/CMSIS_RTOS_V2/cmsis_os2.o
 .bss.Idle_Stack.2
                0x20000ad0      0x200 ./Middlewares/Third_Party/FreeRTOS/Source/CMSIS_RTOS_V2/cmsis_os2.o
 .bss.Timer_TCB.1
                0x20000cd0       0xa8 ./Middlewares/Third_Party/FreeRTOS/Source/CMSIS_RTOS_V2/cmsis_os2.o
 .bss.Timer_Stack.0
                0x20000d78      0x400 ./Middlewares/Third_Party/FreeRTOS/Source/CMSIS_RTOS_V2/cmsis_os2.o
 .bss.xQueueRegistry
                0x20001178       0x40 ./Middlewares/Third_Party/FreeRTOS/Source/queue.o
                0x20001178                xQueueRegistry
 .bss.pxCurrentTCB
                0x200011b8        0x4 ./Middlewares/Third_Party/FreeRTOS/Source/tasks.o
                0x200011b8                pxCurrentTCB
 .bss.pxReadyTasksLists
                0x200011bc      0x460 ./Middlewares/Third_Party/FreeRTOS/Source/tasks.o
 .bss.xDelayedTaskList1
                0x2000161c       0x14 ./Middlewares/Third_Party/FreeRTOS/Source/tasks.o
 .bss.xDelayedTaskList2
                0x20001630       0x14 ./Middlewares/Third_Party/FreeRTOS/Source/tasks.o
 .bss.pxDelayedTaskList
                0x20001644        0x4 ./Middlewares/Third_Party/FreeRTOS/Source/tasks.o
 .bss.pxOverflowDelayedTaskList
                0x20001648        0x4 ./Middlewares/Third_Party/FreeRTOS/Source/tasks.o
 .bss.xPendingReadyList
                0x2000164c       0x14 ./Middlewares/Third_Party/FreeRTOS/Source/tasks.o
 .bss.xTasksWaitingTermination
                0x20001660       0x14 ./Middlewares/Third_Party/FreeRTOS/Source/tasks.o
 .bss.uxDeletedTasksWaitingCleanUp
                0x20001674        0x4 ./Middlewares/Third_Party/FreeRTOS/Source/tasks.o
 .bss.xSuspendedTaskList
                0x20001678       0x14 ./Middlewares/Third_Party/FreeRTOS/Source/tasks.o
 .bss.uxCurrentNumberOfTasks
                0x2000168c        0x4 ./Middlewares/Third_Party/FreeRTOS/Source/tasks.o
 .bss.xTickCount
                0x20001690        0x4 ./Middlewares/Third_Party/FreeRTOS/Source/tasks.o
 .bss.uxTopReadyPriority
                0x20001694        0x4 ./Middlewares/Third_Party/FreeRTOS/Source/tasks.o
 .bss.xSchedulerRunning
                0x20001698        0x4 ./Middlewares/Third_Party/FreeRTOS/Source/tasks.o
 .bss.xPendedTicks
                0x2000169c        0x4 ./Middlewares/Third_Party/FreeRTOS/Source/tasks.o
 .bss.xYieldPending
                0x200016a0        0x4 ./Middlewares/Third_Party/FreeRTOS/Source/tasks.o
 .bss.xNumOfOverflows
                0x200016a4        0x4 ./Middlewares/Third_Party/FreeRTOS/Source/tasks.o
 .bss.uxTaskNumber
                0x200016a8        0x4 ./Middlewares/Third_Party/FreeRTOS/Source/tasks.o
 .bss.xNextTaskUnblockTime
                0x200016ac        0x4 ./Middlewares/Third_Party/FreeRTOS/Source/tasks.o
 .bss.xIdleTaskHandle
                0x200016b0        0x4 ./Middlewares/Third_Party/FreeRTOS/Source/tasks.o
 .bss.uxSchedulerSuspended
                0x200016b4        0x4 ./Middlewares/Third_Party/FreeRTOS/Source/tasks.o
 .bss.xActiveTimerList1
                0x200016b8       0x14 ./Middlewares/Third_Party/FreeRTOS/Source/timers.o
 .bss.xActiveTimerList2
                0x200016cc       0x14 ./Middlewares/Third_Party/FreeRTOS/Source/timers.o
 .bss.pxCurrentTimerList
                0x200016e0        0x4 ./Middlewares/Third_Party/FreeRTOS/Source/timers.o
 .bss.pxOverflowTimerList
                0x200016e4        0x4 ./Middlewares/Third_Party/FreeRTOS/Source/timers.o
 .bss.xTimerQueue
                0x200016e8        0x4 ./Middlewares/Third_Party/FreeRTOS/Source/timers.o
 .bss.xTimerTaskHandle
                0x200016ec        0x4 ./Middlewares/Third_Party/FreeRTOS/Source/timers.o
 .bss.xLastTime.2
                0x200016f0        0x4 ./Middlewares/Third_Party/FreeRTOS/Source/timers.o
 .bss.ucStaticTimerQueueStorage.1
                0x200016f4       0xa0 ./Middlewares/Third_Party/FreeRTOS/Source/timers.o
 .bss.xStaticTimerQueue.0
                0x20001794       0x50 ./Middlewares/Third_Party/FreeRTOS/Source/timers.o
 .bss.ucMaxSysCallPriority
                0x200017e4        0x1 ./Middlewares/Third_Party/FreeRTOS/Source/portable/GCC/ARM_CM4F/port.o
 *fill*         0x200017e5        0x3 
 .bss.ulMaxPRIGROUPValue
                0x200017e8        0x4 ./Middlewares/Third_Party/FreeRTOS/Source/portable/GCC/ARM_CM4F/port.o
 .bss.ucHeap    0x200017ec      0xc00 ./Middlewares/Third_Party/FreeRTOS/Source/portable/MemMang/heap_4.o
 .bss.xStart    0x200023ec        0x8 ./Middlewares/Third_Party/FreeRTOS/Source/portable/MemMang/heap_4.o
 .bss.pxEnd     0x200023f4        0x4 ./Middlewares/Third_Party/FreeRTOS/Source/portable/MemMang/heap_4.o
 .bss.xFreeBytesRemaining
                0x200023f8        0x4 ./Middlewares/Third_Party/FreeRTOS/Source/portable/MemMang/heap_4.o
 .bss.xMinimumEverFreeBytesRemaining
                0x200023fc        0x4 ./Middlewares/Third_Party/FreeRTOS/Source/portable/MemMang/heap_4.o
 .bss.xNumberOfSuccessfulAllocations
                0x20002400        0x4 ./Middlewares/Third_Party/FreeRTOS/Source/portable/MemMang/heap_4.o
 .bss.xNumberOfSuccessfulFrees
                0x20002404        0x4 ./Middlewares/Third_Party/FreeRTOS/Source/portable/MemMang/heap_4.o
 .bss.xBlockAllocatedBit
                0x20002408        0x4 ./Middlewares/Third_Party/FreeRTOS/Source/portable/MemMang/heap_4.o
 .bss.__sf      0x2000240c      0x138 C:/ST/STM32CubeIDE_1.18.1/STM32CubeIDE/plugins/com.st.stm32cube.ide.mcu.externaltools.gnu-tools-for-stm32.13.3.rel1.win32_1.0.0.202411081344/tools/bin/../lib/gcc/arm-none-eabi/13.3.1/../../../../arm-none-eabi/lib/thumb/v7e-m+fp/hard\libc_nano.a(libc_a-findfp.o)
                0x2000240c                __sf
 .bss.__lock___malloc_recursive_mutex
                0x20002544        0x1 C:/ST/STM32CubeIDE_1.18.1/STM32CubeIDE/plugins/com.st.stm32cube.ide.mcu.externaltools.gnu-tools-for-stm32.13.3.rel1.win32_1.0.0.202411081344/tools/bin/../lib/gcc/arm-none-eabi/13.3.1/../../../../arm-none-eabi/lib/thumb/v7e-m+fp/hard\libc_nano.a(libc_a-lock.o)
                0x20002544                __lock___malloc_recursive_mutex
 *fill*         0x20002545        0x3 
 .bss.__malloc_free_list
                0x20002548        0x4 C:/ST/STM32CubeIDE_1.18.1/STM32CubeIDE/plugins/com.st.stm32cube.ide.mcu.externaltools.gnu-tools-for-stm32.13.3.rel1.win32_1.0.0.202411081344/tools/bin/../lib/gcc/arm-none-eabi/13.3.1/../../../../arm-none-eabi/lib/thumb/v7e-m+fp/hard\libc_nano.a(libc_a-mallocr.o)
                0x20002548                __malloc_free_list
 *(COMMON)
                0x2000254c                        . = ALIGN (0x4)
                0x2000254c                        _ebss = .
                0x2000254c                        __bss_end__ = _ebss

._user_heap_stack
                0x2000254c      0x604 load address 0x0800d64c
                0x20002550                        . = ALIGN (0x8)
 *fill*         0x2000254c        0x4 
                [!provide]                        PROVIDE (end = .)
                0x20002550                        PROVIDE (_end = .)
                0x20002750                        . = (. + _Min_Heap_Size)
 *fill*         0x20002550      0x200 
                0x20002b50                        . = (. + _Min_Stack_Size)
 *fill*         0x20002750      0x400 
                0x20002b50                        . = ALIGN (0x8)

/DISCARD/
 libc.a(*)
 libm.a(*)
 libgcc.a(*)

.ARM.attributes
                0x00000000       0x30
 *(.ARM.attributes)
 .ARM.attributes
                0x00000000       0x22 C:/ST/STM32CubeIDE_1.18.1/STM32CubeIDE/plugins/com.st.stm32cube.ide.mcu.externaltools.gnu-tools-for-stm32.13.3.rel1.win32_1.0.0.202411081344/tools/bin/../lib/gcc/arm-none-eabi/13.3.1/thumb/v7e-m+fp/hard/crti.o
 .ARM.attributes
                0x00000022       0x34 C:/ST/STM32CubeIDE_1.18.1/STM32CubeIDE/plugins/com.st.stm32cube.ide.mcu.externaltools.gnu-tools-for-stm32.13.3.rel1.win32_1.0.0.202411081344/tools/bin/../lib/gcc/arm-none-eabi/13.3.1/thumb/v7e-m+fp/hard/crtbegin.o
 .ARM.attributes
                0x00000056       0x34 ./Core/Src/adc.o
 .ARM.attributes
                0x0000008a       0x34 ./Core/Src/app_freertos.o
 .ARM.attributes
                0x000000be       0x34 ./Core/Src/cordic.o
 .ARM.attributes
                0x000000f2       0x34 ./Core/Src/dma.o
 .ARM.attributes
                0x00000126       0x34 ./Core/Src/fdcan.o
 .ARM.attributes
                0x0000015a       0x34 ./Core/Src/gpio.o
 .ARM.attributes
                0x0000018e       0x34 ./Core/Src/main.o
 .ARM.attributes
                0x000001c2       0x34 ./Core/Src/stm32g4xx_hal_msp.o
 .ARM.attributes
                0x000001f6       0x34 ./Core/Src/stm32g4xx_hal_timebase_tim.o
 .ARM.attributes
                0x0000022a       0x34 ./Core/Src/stm32g4xx_it.o
 .ARM.attributes
                0x0000025e       0x34 ./Core/Src/system_stm32g4xx.o
 .ARM.attributes
                0x00000292       0x34 ./Core/Src/tim.o
 .ARM.attributes
                0x000002c6       0x34 ./Core/Src/analog/adc1/basic.o
 .ARM.attributes
                0x000002fa       0x34 ./Core/Src/analog/adc1/main.o
 .ARM.attributes
                0x0000032e       0x34 ./Core/Src/connectivity/fdcan/basic.o
 .ARM.attributes
                0x00000362       0x34 ./Core/Src/connectivity/fdcan/callback.o
 .ARM.attributes
                0x00000396       0x34 ./Core/Src/connectivity/fdcan/pkt_read.o
 .ARM.attributes
                0x000003ca       0x34 ./Core/Src/main/fn_state.o
 .ARM.attributes
                0x000003fe       0x34 ./Core/Src/main/main.o
 .ARM.attributes
                0x00000432       0x34 ./Core/Src/main/tim.o
 .ARM.attributes