../Core/Src/stm32g4xx_it.c:75:6:NMI_Handler	4	static
../Core/Src/stm32g4xx_it.c:90:6:HardFault_Handler	4	static
../Core/Src/stm32g4xx_it.c:105:6:MemManage_Handler	4	static
../Core/Src/stm32g4xx_it.c:120:6:BusFault_Handler	4	static
../Core/Src/stm32g4xx_it.c:135:6:UsageFault_Handler	4	static
../Core/Src/stm32g4xx_it.c:150:6:DebugMon_Handler	4	static
../Core/Src/stm32g4xx_it.c:170:6:FDCAN1_IT0_IRQHandler	8	static
../Core/Src/stm32g4xx_it.c:184:6:FDCAN1_IT1_IRQHandler	8	static
../Core/Src/stm32g4xx_it.c:198:6:TIM1_UP_TIM16_IRQHandler	8	static
../Core/Src/stm32g4xx_it.c:212:6:EXTI15_10_IRQHandler	8	static
../Core/Src/stm32g4xx_it.c:229:6:TIM6_DAC_IRQHandler	8	static
../Core/Src/stm32g4xx_it.c:243:6:DMA2_Channel1_IRQHandler	8	static
../Core/Src/stm32g4xx_it.c:257:6:DMA2_Channel2_IRQHandler	8	static
../Core/Src/stm32g4xx_it.c:271:6:DMA2_Channel3_IRQHandler	8	static
