../Core/Src/stm32g4xx_it.c:76:6:NMI_Handler	4	static
../Core/Src/stm32g4xx_it.c:91:6:HardFault_Handler	4	static
../Core/Src/stm32g4xx_it.c:106:6:MemManage_Handler	4	static
../Core/Src/stm32g4xx_it.c:121:6:BusFault_Handler	4	static
../Core/Src/stm32g4xx_it.c:136:6:UsageFault_Handler	4	static
../Core/Src/stm32g4xx_it.c:151:6:DebugMon_Handler	4	static
../Core/Src/stm32g4xx_it.c:171:6:FDCAN1_IT0_IRQHandler	8	static
../Core/Src/stm32g4xx_it.c:185:6:FDCAN1_IT1_IRQHandler	8	static
../Core/Src/stm32g4xx_it.c:199:6:TIM1_UP_TIM16_IRQHandler	8	static
../Core/Src/stm32g4xx_it.c:213:6:TIM2_IRQHandler	8	static
../Core/Src/stm32g4xx_it.c:227:6:EXTI15_10_IRQHandler	8	static
../Core/Src/stm32g4xx_it.c:244:6:TIM6_DAC_IRQHandler	8	static
../Core/Src/stm32g4xx_it.c:258:6:DMA2_Channel1_IRQHandler	8	static
../Core/Src/stm32g4xx_it.c:272:6:DMA2_Channel2_IRQHandler	8	static
../Core/Src/stm32g4xx_it.c:286:6:DMA2_Channel3_IRQHandler	8	static
